Component: ARM Compiler 5.06 update 7 (build 960) Tool: armlink [4d3601]

==============================================================================

Section Cross References

    main.o(.text) refers to _printf_percent.o(.ARM.Collect$$_printf_percent$$00000000) for _printf_percent
    main.o(.text) refers to _printf_d.o(.ARM.Collect$$_printf_percent$$00000009) for _printf_d
    main.o(.text) refers to _printf_dec.o(.text) for _printf_int_dec
    main.o(.text) refers to _printf_f.o(.ARM.Collect$$_printf_percent$$00000003) for _printf_f
    main.o(.text) refers to printf1.o(x$fpl$printf1) for _printf_fp_dec
    main.o(.text) refers to misc.o(.text) for NVIC_PriorityGroupConfig
    main.o(.text) refers to delay.o(.text) for delay_init
    main.o(.text) refers to led.o(.text) for LED_Init
    main.o(.text) refers to serial.o(.text) for Serial_Init
    main.o(.text) refers to lcd.o(.text) for LCD_Init
    main.o(.text) refers to adc.o(.text) for Adc3_Init
    main.o(.text) refers to ccd.o(.text) for CCD_Init
    main.o(.text) refers to dflt_clz.o(x$fpl$dfltu) for __aeabi_ui2d
    main.o(.text) refers to ddiv.o(x$fpl$ddiv) for __aeabi_ddiv
    main.o(.text) refers to dmul.o(x$fpl$dmul) for __aeabi_dmul
    main.o(.text) refers to daddsub_clz.o(x$fpl$dadd) for __aeabi_dadd
    main.o(.text) refers to dfixu.o(x$fpl$dfixu) for __aeabi_d2uiz
    main.o(.text) refers to ds18b20.o(.text) for DS18B20_GetTemperture
    main.o(.text) refers to f2d.o(x$fpl$f2d) for __aeabi_f2d
    main.o(.text) refers to daddsub_clz.o(x$fpl$dsub) for __aeabi_dsub
    main.o(.text) refers to dleqf.o(x$fpl$dleqf) for __aeabi_cdcmple
    main.o(.text) refers to drleqf.o(x$fpl$drleqf) for __aeabi_cdrcmple
    main.o(.text) refers to noretval__2printf.o(.text) for __2printf
    main.o(.text) refers to serial.o(.data) for USART2_BUF
    main.o(.text) refers to main.o(.data) for TDS_K_value
    main.o(.text) refers to adc.o(.bss) for ADC_ConvertedValue
    main.o(.text) refers to noretval__2sprintf.o(.text) for __2sprintf
    main.o(.text) refers to l610.o(.text) for L610_SendData
    main.o(.text) refers to main.o(.conststring) for .conststring
    system_stm32f4xx.o(.text) refers to system_stm32f4xx.o(.data) for SystemCoreClock
    ds18b20.o(.text) refers to stm32f4xx_gpio.o(.text) for GPIO_Init
    ds18b20.o(.text) refers to delay.o(.text) for delay_us
    ds18b20.o(.text) refers to stm32f4xx_rcc.o(.text) for RCC_AHB1PeriphClockCmd
    ds18b20.o(.text) refers to dflt_clz.o(x$fpl$dfltu) for __aeabi_ui2d
    ds18b20.o(.text) refers to dmul.o(x$fpl$dmul) for __aeabi_dmul
    ds18b20.o(.text) refers to d2f.o(x$fpl$d2f) for __aeabi_d2f
    ds18b20.o(.text) refers to ds18b20.o(.data) for DS18B20_temp
    exti.o(.text) refers to stm32f4xx_rcc.o(.text) for RCC_AHB1PeriphClockCmd
    exti.o(.text) refers to stm32f4xx_gpio.o(.text) for GPIO_Init
    exti.o(.text) refers to stm32f4xx_syscfg.o(.text) for SYSCFG_EXTILineConfig
    exti.o(.text) refers to stm32f4xx_exti.o(.text) for EXTI_Init
    exti.o(.text) refers to misc.o(.text) for NVIC_Init
    flash.o(.text) refers to stm32f4xx_flash.o(.text) for FLASH_Unlock
    key.o(.text) refers to stm32f4xx_rcc.o(.text) for RCC_AHB1PeriphClockCmd
    key.o(.text) refers to stm32f4xx_gpio.o(.text) for GPIO_Init
    key.o(.text) refers to delay.o(.text) for delay_ms
    l610.o(.text) refers to _printf_percent.o(.ARM.Collect$$_printf_percent$$00000000) for _printf_percent
    l610.o(.text) refers to _printf_s.o(.ARM.Collect$$_printf_percent$$00000014) for _printf_s
    l610.o(.text) refers to _printf_str.o(.text) for _printf_str
    l610.o(.text) refers to lcd.o(.text) for LCD_ShowChar
    l610.o(.text) refers to delay.o(.text) for delay_ms
    l610.o(.text) refers to noretval__2printf.o(.text) for __2printf
    l610.o(.text) refers to strstr.o(.text) for strstr
    l610.o(.text) refers to stm32f4xx_usart.o(.text) for USART_GetITStatus
    l610.o(.text) refers to l610.o(.bss) for _4G_BUF
    l610.o(.text) refers to l610.o(.data) for Rx_p
    l610.o(.text) refers to lcd.o(.data) for BACK_COLOR
    l610.o(.text) refers to l610.o(.conststring) for .conststring
    serial.o(.text) refers to stm32f4xx_rcc.o(.text) for RCC_AHB1PeriphClockCmd
    serial.o(.text) refers to stm32f4xx_gpio.o(.text) for GPIO_Init
    serial.o(.text) refers to stm32f4xx_usart.o(.text) for USART_Init
    serial.o(.text) refers to misc.o(.text) for NVIC_Init
    serial.o(.text) refers to serial.o(.data) for Pack_Finish
    tim.o(.text) refers to stm32f4xx_rcc.o(.text) for RCC_APB2PeriphClockCmd
    tim.o(.text) refers to misc.o(.text) for NVIC_Init
    tim.o(.text) refers to stm32f4xx_tim.o(.text) for TIM_TimeBaseInit
    led.o(.text) refers to stm32f4xx_rcc.o(.text) for RCC_AHB1PeriphClockCmd
    led.o(.text) refers to stm32f4xx_gpio.o(.text) for GPIO_Init
    lcd.o(.text) refers to _printf_percent.o(.ARM.Collect$$_printf_percent$$00000000) for _printf_percent
[...]
    $v0                                      0x08009792   Number         0  printf1.o(x$fpl$printf1)
    .constdata                               0x08009796   Section     6080  lcd.o(.constdata)
    x$fpl$usenofp                            0x08009796   Section        0  usenofp.o(x$fpl$usenofp)
    .constdata                               0x0800af58   Section       28  stm32f4xx_fsmc.o(.constdata)
    .constdata                               0x0800af74   Section       40  _printf_hex_int.o(.constdata)
    uc_hextab                                0x0800af74   Data          20  _printf_hex_int.o(.constdata)
    lc_hextab                                0x0800af88   Data          20  _printf_hex_int.o(.constdata)
    .constdata                               0x0800af9c   Section      148  bigflt0.o(.constdata)
    tenpwrs_x                                0x0800af9c   Data          60  bigflt0.o(.constdata)
    tenpwrs_i                                0x0800afd8   Data          64  bigflt0.o(.constdata)
    .conststring                             0x0800b030   Section      286  main.o(.conststring)
    .conststring                             0x0800b150   Section      202  l610.o(.conststring)
    locale$$data                             0x0800b23c   Section       28  lc_numeric_c.o(locale$$data)
    __lcnum_c_name                           0x0800b240   Data           2  lc_numeric_c.o(locale$$data)
    __lcnum_c_start                          0x0800b248   Data           0  lc_numeric_c.o(locale$$data)
    __lcnum_c_point                          0x0800b254   Data           0  lc_numeric_c.o(locale$$data)
    __lcnum_c_thousands                      0x0800b256   Data           0  lc_numeric_c.o(locale$$data)
    __lcnum_c_grouping                       0x0800b257   Data           0  lc_numeric_c.o(locale$$data)
    __lcnum_c_end                            0x0800b258   Data           0  lc_numeric_c.o(locale$$data)
    .data                                    0x20000000   Section     1144  main.o(.data)
    .data                                    0x20000478   Section       20  system_stm32f4xx.o(.data)
    .data                                    0x2000048c   Section        2  ds18b20.o(.data)
    .data                                    0x2000048e   Section        4  l610.o(.data)
    p_y                                      0x20000490   Data           2  l610.o(.data)
    .data                                    0x20000492   Section       11  serial.o(.data)
    Pack_Steps                               0x2000049b   Data           1  serial.o(.data)
    p_Pack                                   0x2000049c   Data           1  serial.o(.data)
    .data                                    0x2000049e   Section        4  lcd.o(.data)
    .data                                    0x200004a2   Section        4  delay.o(.data)
    fac_us                                   0x200004a2   Data           1  delay.o(.data)
    fac_ms                                   0x200004a4   Data           2  delay.o(.data)
    .data                                    0x200004a8   Section        6  usart.o(.data)
    .data                                    0x200004ae   Section       16  stm32f4xx_rcc.o(.data)
    APBAHBPrescTable                         0x200004ae   Data          16  stm32f4xx_rcc.o(.data)
    .bss                                     0x200004c0   Section      300  l610.o(.bss)
    .bss                                     0x200005ec   Section       14  lcd.o(.bss)
    .bss                                     0x200005fa   Section     7928  adc.o(.bss)
    .bss                                     0x200024f4   Section       96  libspace.o(.bss)
    HEAP                                     0x20002558   Section     1024  startup_stm32f40_41xxx.o(HEAP)
    Heap_Mem                                 0x20002558   Data        1024  startup_stm32f40_41xxx.o(HEAP)
    STACK                                    0x20002958   Section     2048  startup_stm32f40_41xxx.o(STACK)
    Stack_Mem                                0x20002958   Data        2048  startup_stm32f40_41xxx.o(STACK)
    __initial_sp                             0x20003158   Data           0  startup_stm32f40_41xxx.o(STACK)

    Global Symbols

    Symbol Name                              Value     Ov Type        Size  Object(Section)

    BuildAttributes$$THM_ISAv4$E$P$D$K$B$S$7EM$VFPi3$EXTD16$VFPS$VFMA$PE$A:L22UL41UL21$X:L11$S22US41US21$IEEE1$IW$USESV6$~STKCKD$USESV7$~SHL$OTIME$ROPI$IEEEJ$EBA8$UX$STANDARDLIB$REQ8$PRES8$EABIv2 0x00000000   Number         0  anon$$obj.o ABSOLUTE
    __ARM_use_no_argv                        0x00000000   Number         0  main.o ABSOLUTE
    _printf_flags                            0x00000000   Number         0  printf_stubs.o ABSOLUTE
    _printf_return_value                     0x00000000   Number         0  printf_stubs.o ABSOLUTE
    _printf_sizespec                         0x00000000   Number         0  printf_stubs.o ABSOLUTE
    _printf_widthprec                        0x00000000   Number         0  printf_stubs.o ABSOLUTE
    __ARM_exceptions_init                     - Undefined Weak Reference
    __alloca_initialize                       - Undefined Weak Reference
    __arm_fini_                               - Undefined Weak Reference
    __arm_preinit_                            - Undefined Weak Reference
    __cpp_initialize__aeabi_                  - Undefined Weak Reference
    __cxa_finalize                            - Undefined Weak Reference
    __sigvec_lookup                           - Undefined Weak Reference
    _atexit_init                              - Undefined Weak Reference
    _call_atexit_fns                          - Undefined Weak Reference
    _clock_init                               - Undefined Weak Reference
    _fp_trap_init                             - Undefined Weak Reference
    _fp_trap_shutdown                         - Undefined Weak Reference
    _get_lc_collate                           - Undefined Weak Reference
    _get_lc_ctype                             - Undefined Weak Reference
    _get_lc_monetary                          - Undefined Weak Reference
    _get_lc_time                              - Undefined Weak Reference
    _getenv_init                              - Undefined Weak Reference
    _handle_redirection                       - Undefined Weak Reference
    _init_alloc                               - Undefined Weak Reference
    _init_user_alloc                          - Undefined Weak Reference
    _initio                                   - Undefined Weak Reference
    _mutex_acquire                            - Undefined Weak Reference
    _mutex_release                            - Undefined Weak Reference
    _printf_mbtowc                            - Undefined Weak Reference
    _printf_post_padding                      - Undefined Weak Reference
    _printf_pre_padding                       - Undefined Weak Reference
    _printf_truncate_signed                   - Undefined Weak Reference
    _printf_truncate_unsigned                 - Undefined Weak Reference
    _rand_init                                - Undefined Weak Reference
    _signal_finish                            - Undefined Weak Reference
    _signal_init                              - Undefined Weak Reference
    _terminate_alloc                          - Undefined Weak Reference
    _terminate_user_alloc                     - Undefined Weak Reference
    _terminateio                              - Undefined Weak Reference
    __Vectors_Size                           0x00000188   Number         0  startup_stm32f40_41xxx.o ABSOLUTE
    __Vectors                                0x08000000   Data           4  startup_stm32f40_41xxx.o(RESET)
    __Vectors_End                            0x08000188   Data           0  startup_stm32f40_41xxx.o(RESET)
    __main                                   0x08000189   Thumb Code     8  __main.o(!!!main)
    __scatterload                            0x08000191   Thumb Code     0  __scatter.o(!!!scatter)
    __scatterload_rt2                        0x08000191   Thumb Code    44  __scatter.o(!!!scatter)
    __scatterload_rt2_thumb_only             0x08000191   Thumb Code     0  __scatter.o(!!!scatter)
    __scatterload_null                       0x0800019f   Thumb Code     0  __scatter.o(!!!scatter)
    __decompress                             0x080001c5   Thumb Code   100  __dclz77c.o(!!dclz77c)
    __decompress2                            0x080001c5   Thumb Code     0  __dclz77c.o(!!dclz77c)
    __scatterload_zeroinit                   0x08000229   Thumb Code    28  __scatter_zi.o(!!handler_zi)
    _printf_f                                0x08000245   Thumb Code     0  _printf_f.o(.ARM.Collect$$_printf_percent$$00000003)
    _printf_percent                          0x08000245   Thumb Code     0  _printf_percent.o(.ARM.Collect$$_printf_percent$$00000000)
    _printf_d                                0x0800024b   Thumb Code     0  _printf_d.o(.ARM.Collect$$_printf_percent$$00000009)
    _printf_x                                0x08000251   Thumb Code     0  _printf_x.o(.ARM.Collect$$_printf_percent$$0000000C)
    _printf_s                                0x08000257   Thumb Code     0  _printf_s.o(.ARM.Collect$$_printf_percent$$00000014)
    _printf_percent_end                      0x0800025d   Thumb Code     0  _printf_percent_end.o(.ARM.Collect$$_printf_percent$$00000017)
    __rt_lib_init                            0x08000261   Thumb Code     0  libinit.o(.ARM.Collect$$libinit$$00000000)
    __rt_lib_init_fp_1                       0x08000263   Thumb Code     0  libinit2.o(.ARM.Collect$$libinit$$00000001)
    __rt_lib_init_heap_1                     0x08000267   Thumb Code     0  libinit2.o(.ARM.Collect$$libinit$$0000000A)
    __rt_lib_init_lc_common                  0x08000267   Thumb Code     0  libinit2.o(.ARM.Collect$$libinit$$0000000F)
    __rt_lib_init_preinit_1                  0x08000267   Thumb Code     0  libinit2.o(.ARM.Collect$$libinit$$00000004)
    __rt_lib_init_rand_1                     0x08000267   Thumb Code     0  libinit2.o(.ARM.Collect$$libinit$$0000000E)
    __rt_lib_init_user_alloc_1               0x08000267   Thumb Code     0  libinit2.o(.ARM.Collect$$libinit$$0000000C)
    __rt_lib_init_lc_collate_1               0x0800026d   Thumb Code     0  libinit2.o(.ARM.Collect$$libinit$$00000011)
    __rt_lib_init_lc_ctype_1                 0x0800026d   Thumb Code     0  libinit2.o(.ARM.Collect$$libinit$$00000013)
    __rt_lib_init_lc_monetary_1              0x0800026d   Thumb Code     0  libinit2.o(.ARM.Collect$$libinit$$00000015)
    __rt_lib_init_lc_numeric_2               0x0800026d   Thumb Code     0  libinit2.o(.ARM.Collect$$libinit$$00000016)
    __rt_lib_init_alloca_1                   0x08000277   Thumb Code     0  libinit2.o(.ARM.Collect$$libinit$$0000002E)
    __rt_lib_init_argv_1                     0x08000277   Thumb Code     0  libinit2.o(.ARM.Collect$$libinit$$0000002C)
    __rt_lib_init_atexit_1                   0x08000277   Thumb Code     0  libinit2.o(.ARM.Collect$$libinit$$0000001B)
    __rt_lib_init_clock_1                    0x08000277   Thumb Code     0  libinit2.o(.ARM.Collect$$libinit$$00000021)
    __rt_lib_init_cpp_1                      0x08000277   Thumb Code     0  libinit2.o(.ARM.Collect$$libinit$$00000032)
    __rt_lib_init_exceptions_1               0x08000277   Thumb Code     0  libinit2.o(.ARM.Collect$$libinit$$00000030)
    __rt_lib_init_fp_trap_1                  0x08000277   Thumb Code     0  libinit2.o(.ARM.Collect$$libinit$$0000001F)
    __rt_lib_init_getenv_1                   0x08000277   Thumb Code     0  libinit2.o(.ARM.Collect$$libinit$$00000023)
    __rt_lib_init_lc_numeric_1               0x08000277   Thumb Code     0  libinit2.o(.ARM.Collect$$libinit$$00000017)
    __rt_lib_init_lc_time_1                  0x08000277   Thumb Code     0  libinit2.o(.ARM.Collect$$libinit$$00000019)
    __rt_lib_init_return                     0x08000277   Thumb Code     0  libinit2.o(.ARM.Collect$$libinit$$00000033)
    __rt_lib_init_signal_1                   0x08000277   Thumb Code     0  libinit2.o(.ARM.Collect$$libinit$$0000001D)
    __rt_lib_init_stdio_1                    0x08000277   Thumb Code     0  libinit2.o(.ARM.Collect$$libinit$$00000025)
    __rt_lib_shutdown                        0x08000279   Thumb Code     0  libshutdown.o(.ARM.Collect$$libshutdown$$00000000)
    __rt_lib_shutdown_cpp_1                  0x0800027b   Thumb Code     0  libshutdown2.o(.ARM.Collect$$libshutdown$$00000004)
    __rt_lib_shutdown_fini_1                 0x0800027b   Thumb Code     0  libshutdown2.o(.ARM.Collect$$libshutdown$$00000002)
    __rt_lib_shutdown_fp_trap_1              0x0800027b   Thumb Code     0  libshutdown2.o(.ARM.Collect$$libshutdown$$00000009)
    __rt_lib_shutdown_heap_1                 0x0800027b   Thumb Code     0  libshutdown2.o(.ARM.Collect$$libshutdown$$00000011)
    __rt_lib_shutdown_return                 0x0800027b   Thumb Code     0  libshutdown2.o(.ARM.Collect$$libshutdown$$00000012)
    __rt_lib_shutdown_signal_1               0x0800027b   Thumb Code     0  libshutdown2.o(.ARM.Collect$$libshutdown$$0000000C)
    __rt_lib_shutdown_stdio_1                0x0800027b   Thumb Code     0  libshutdown2.o(.ARM.Collect$$libshutdown$$00000006)
    __rt_lib_shutdown_user_alloc_1           0x0800027b   Thumb Code     0  libshutdown2.o(.ARM.Collect$$libshutdown$$0000000E)
    __rt_entry                               0x0800027d   Thumb Code     0  __rtentry.o(.ARM.Collect$$rtentry$$00000000)
    __rt_entry_presh_1                       0x0800027d   Thumb Code     0  __rtentry2.o(.ARM.Collect$$rtentry$$00000002)
    __rt_entry_sh                            0x0800027d   Thumb Code     0  __rtentry4.o(.ARM.Collect$$rtentry$$00000004)
    __rt_entry_li                            0x08000283   Thumb Code     0  __rtentry2.o(.ARM.Collect$$rtentry$$0000000A)
    __rt_entry_postsh_1                      0x08000283   Thumb Code     0  __rtentry2.o(.ARM.Collect$$rtentry$$00000009)
    __rt_entry_main                          0x08000287   Thumb Code     0  __rtentry2.o(.ARM.Collect$$rtentry$$0000000D)
    __rt_entry_postli_1                      0x08000287   Thumb Code     0  __rtentry2.o(.ARM.Collect$$rtentry$$0000000C)
    __rt_exit                                0x0800028f   Thumb Code     0  rtexit.o(.ARM.Collect$$rtexit$$00000000)
    __rt_exit_ls                             0x08000291   Thumb Code     0  rtexit2.o(.ARM.Collect$$rtexit$$00000003)
    __rt_exit_prels_1                        0x08000291   Thumb Code     0  rtexit2.o(.ARM.Collect$$rtexit$$00000002)
    __rt_exit_exit                           0x08000295   Thumb Code     0  rtexit2.o(.ARM.Collect$$rtexit$$00000004)
    main                                     0x0800029d   Thumb Code  1544  main.o(.text)
    NMI_Handler                              0x080008f5   Thumb Code     2  stm32f4xx_it.o(.text)
    HardFault_Handler                        0x080008f7   Thumb Code     4  stm32f4xx_it.o(.text)
    MemManage_Handler                        0x080008fb   Thumb Code     4  stm32f4xx_it.o(.text)
    BusFault_Handler                         0x080008ff   Thumb Code     4  stm32f4xx_it.o(.text)
    UsageFault_Handler                       0x08000903   Thumb Code     4  stm32f4xx_it.o(.text)
    SVC_Handler                              0x08000907   Thumb Code     2  stm32f4xx_it.o(.text)
    DebugMon_Handler                         0x08000909   Thumb Code     2  stm32f4xx_it.o(.text)
    PendSV_Handler                           0x0800090b   Thumb Code     2  stm32f4xx_it.o(.text)
    SysTick_Handler                          0x0800090d   Thumb Code     2  stm32f4xx_it.o(.text)
    SystemInit                               0x080009ed   Thumb Code    88  system_stm32f4xx.o(.text)
    SystemCoreClockUpdate                    0x08000a45   Thumb Code   174  system_stm32f4xx.o(.text)
    DS18B20_IO_IN                            0x08000b21   Thumb Code    28  ds18b20.o(.text)
    DS18B20_IO_OUT                           0x08000b3d   Thumb Code    32  ds18b20.o(.text)
    DS18B20_Reset                            0x08000b5d   Thumb Code    36  ds18b20.o(.text)
    DS18B20_Check                            0x08000b81   Thumb Code    78  ds18b20.o(.text)
    DS18B20_Read_Bit                         0x08000bcf   Thumb Code    60  ds18b20.o(.text)
    DS18B20_Read_Byte                        0x08000c0b   Thumb Code    34  ds18b20.o(.text)
    DS18B20_Write_Byte                       0x08000c2d   Thumb Code    84  ds18b20.o(.text)
    DS18B20_Start                            0x08000c81   Thumb Code    24  ds18b20.o(.text)
    DS18B20_Init                             0x08000c99   Thumb Code    50  ds18b20.o(.text)
    DS18B20_GetTemperture                    0x08000ccb   Thumb Code   164  ds18b20.o(.text)
    Clear_Buffer                             0x08000d91   Thumb Code    30  l610.o(.text)
    _LCD_Show4GBUF                           0x08000daf   Thumb Code   128  l610.o(.text)
    L610_Init                                0x08000e2f   Thumb Code   382  l610.o(.text)
    L610_SendData                            0x08000fad   Thumb Code    36  l610.o(.text)
    USART1_IRQHandler                        0x08000fd1   Thumb Code    52  l610.o(.text)
    Serial_Init                              0x080010e5   Thumb Code   168  serial.o(.text)
    Serial_SendByte                          0x0800118d   Thumb Code    28  serial.o(.text)
    fputc                                    0x080011a9   Thumb Code    32  serial.o(.text)
    USART2_Init                              0x080011c9   Thumb Code   166  serial.o(.text)
    USART2_SendByte                          0x0800126f   Thumb Code    28  serial.o(.text)
    USART2_SendPack                          0x0800128b   Thumb Code   120  serial.o(.text)
    USART2_CheckPack                         0x08001303   Thumb Code    78  serial.o(.text)
    USART2_IRQHandler                        0x08001351   Thumb Code   144  serial.o(.text)
    LED_Init                                 0x080013fd   Thumb Code   112  led.o(.text)
    LED_Toggle                               0x0800146d   Thumb Code    40  led.o(.text)
    LCD_WR_REG                               0x08001499   Thumb Code    18  lcd.o(.text)
    LCD_WR_DATA                              0x080014ab   Thumb Code    20  lcd.o(.text)
    LCD_RD_DATA                              0x080014bf   Thumb Code    16  lcd.o(.text)
    LCD_WriteReg                             0x080014cf   Thumb Code    14  lcd.o(.text)
    LCD_ReadReg                              0x080014dd   Thumb Code    22  lcd.o(.text)
    LCD_WriteRAM_Prepare                     0x080014f3   Thumb Code    10  lcd.o(.text)
    LCD_WriteRAM                             0x080014fd   Thumb Code     8  lcd.o(.text)
    LCD_BGR2RGB                              0x08001505   Thumb Code    26  lcd.o(.text)
    opt_delay                                0x0800151f   Thumb Code    14  lcd.o(.text)
    LCD_SetCursor                            0x0800152d   Thumb Code   282  lcd.o(.text)
    LCD_ReadPoint                            0x08001647   Thumb Code   132  lcd.o(.text)
    LCD_DisplayOn                            0x080016cb   Thumb Code    32  lcd.o(.text)
    LCD_DisplayOff                           0x080016eb   Thumb Code    32  lcd.o(.text)
    LCD_Scan_Dir                             0x0800170b   Thumb Code   570  lcd.o(.text)
    LCD_DrawPoint                            0x08001945   Thumb Code    28  lcd.o(.text)
    LCD_Fast_DrawPoint                       0x08001961   Thumb Code   238  lcd.o(.text)
    LCD_SSD_BackLightSet                     0x08001a4f   Thumb Code    88  lcd.o(.text)
    LCD_Display_Dir                          0x08001aa7   Thumb Code   298  lcd.o(.text)
    LCD_Set_Window                           0x08001bd1   Thumb Code   384  lcd.o(.text)
    LCD_Clear                                0x08001d51   Thumb Code    42  lcd.o(.text)
    LCD_Init                                 0x08001d7b   Thumb Code 10318  lcd.o(.text)
    LCD_Fill                                 0x080045c9   Thumb Code    82  lcd.o(.text)
    LCD_Color_Fill                           0x0800461b   Thumb Code    92  lcd.o(.text)
    LCD_DrawLine                             0x08004677   Thumb Code   176  lcd.o(.text)
    LCD_DrawRectangle                        0x08004727   Thumb Code    60  lcd.o(.text)
    LCD_Draw_Circle                          0x08004763   Thumb Code   152  lcd.o(.text)
    LCD_ShowChar                             0x080047fb   Thumb Code   284  lcd.o(.text)
    LCD_Pow                                  0x08004917   Thumb Code    22  lcd.o(.text)
    LCD_ShowNum                              0x0800492d   Thumb Code   148  lcd.o(.text)
    LCD_ShowxNum                             0x080049c1   Thumb Code   190  lcd.o(.text)
    LCD_ShowString                           0x08004a7f   Thumb Code   102  lcd.o(.text)
    PWM_TIM2_Init                            0x08004afd   Thumb Code   148  ccd.o(.text)
    PWM_TIM3_Init                            0x08004b91   Thumb Code   142  ccd.o(.text)
    PWM_TIM4_Init                            0x08004c1f   Thumb Code   142  ccd.o(.text)
    PWM_TIM5_Init                            0x08004cad   Thumb Code   124  ccd.o(.text)
    CCD_Init                                 0x08004d29   Thumb Code    20  ccd.o(.text)
    CCD_Read                                 0x08004d3d   Thumb Code    24  ccd.o(.text)
    Adc1_Init                                0x08004e6d   Thumb Code    12  adc.o(.text)
    Adc3_Init                                0x08004e79   Thumb Code   148  adc.o(.text)
    Get_Adc                                  0x08004f0d   Thumb Code    44  adc.o(.text)
    Get_Adc_Average                          0x08004f39   Thumb Code    46  adc.o(.text)
    delay_init                               0x08004f81   Thumb Code    52  delay.o(.text)
    delay_us                                 0x08004fb5   Thumb Code    72  delay.o(.text)
    delay_xms                                0x08004ffd   Thumb Code    72  delay.o(.text)
    delay_ms                                 0x08005045   Thumb Code    56  delay.o(.text)
    _sys_exit                                0x08005085   Thumb Code     4  usart.o(.text)
    uart_init                                0x08005089   Thumb Code   164  usart.o(.text)
    Reset_Handler                            0x08005135   Thumb Code     8  startup_stm32f40_41xxx.o(.text)
    ADC_IRQHandler                           0x0800514f   Thumb Code     0  startup_stm32f40_41xxx.o(.text)
    CAN1_RX0_IRQHandler                      0x0800514f   Thumb Code     0  startup_stm32f40_41xxx.o(.text)
    CAN1_RX1_IRQHandler                      0x0800514f   Thumb Code     0  startup_stm32f40_41xxx.o(.text)
    CAN1_SCE_IRQHandler                      0x0800514f   Thumb Code     0  startup_stm32f40_41xxx.o(.text)
    CAN1_TX_IRQHandler                       0x0800514f   Thumb Code     0  startup_stm32f40_41xxx.o(.text)
    CAN2_RX0_IRQHandler                      0x0800514f   Thumb Code     0  startup_stm32f40_41xxx.o(.text)
    CAN2_RX1_IRQHandler                      0x0800514f   Thumb Code     0  startup_stm32f40_41xxx.o(.text)
    CAN2_SCE_IRQHandler                      0x0800514f   Thumb Code     0  startup_stm32f40_41xxx.o(.text)
    CAN2_TX_IRQHandler                       0x0800514f   Thumb Code     0  startup_stm32f40_41xxx.o(.text)
    CRYP_IRQHandler                          0x0800514f   Thumb Code     0  startup_stm32f40_41xxx.o(.text)
    DCMI_IRQHandler                          0x0800514f   Thumb Code     0  startup_stm32f40_41xxx.o(.text)
    DMA1_Stream0_IRQHandler                  0x0800514f   Thumb Code     0  startup_stm32f40_41xxx.o(.text)
    DMA1_Stream1_IRQHandler                  0x0800514f   Thumb Code     0  startup_stm32f40_41xxx.o(.text)
    DMA1_Stream2_IRQHandler                  0x0800514f   Thumb Code     0  startup_stm32f40_41xxx.o(.text)
    DMA1_Stream3_IRQHandler                  0x0800514f   Thumb Code     0  startup_stm32f40_41xxx.o(.text)
    DMA1_Stream4_IRQHandler                  0x0800514f   Thumb Code     0  startup_stm32f40_41xxx.o(.text)
    DMA1_Stream5_IRQHandler                  0x0800514f   Thumb Code     0  startup_stm32f40_41xxx.o(.text)
    DMA1_Stream6_IRQHandler                  0x0800514f   Thumb Code     0  startup_stm32f40_41xxx.o(.text)
    DMA1_Stream7_IRQHandler                  0x0800514f   Thumb Code     0  startup_stm32f40_41xxx.o(.text)
    DMA2_Stream0_IRQHandler                  0x0800514f   Thumb Code     0  startup_stm32f40_41xxx.o(.text)
    DMA2_Stream1_IRQHandler                  0x0800514f   Thumb Code     0  startup_stm32f40_41xxx.o(.text)
    DMA2_Stream2_IRQHandler                  0x0800514f   Thumb Code     0  startup_stm32f40_41xxx.o(.text)
    DMA2_Stream3_IRQHandler                  0x0800514f   Thumb Code     0  startup_stm32f40_41xxx.o(.text)
    DMA2_Stream4_IRQHandler                  0x0800514f   Thumb Code     0  startup_stm32f40_41xxx.o(.text)
    DMA2_Stream5_IRQHandler                  0x0800514f   Thumb Code     0  startup_stm32f40_41xxx.o(.text)
    DMA2_Stream6_IRQHandler                  0x0800514f   Thumb Code     0  startup_stm32f40_41xxx.o(.text)
    DMA2_Stream7_IRQHandler                  0x0800514f   Thumb Code     0  startup_stm32f40_41xxx.o(.text)
    ETH_IRQHandler                           0x0800514f   Thumb Code     0  startup_stm32f40_41xxx.o(.text)
    ETH_WKUP_IRQHandler                      0x0800514f   Thumb Code     0  startup_stm32f40_41xxx.o(.text)
    EXTI0_IRQHandler                         0x0800514f   Thumb Code     0  startup_stm32f40_41xxx.o(.text)
    EXTI15_10_IRQHandler                     0x0800514f   Thumb Code     0  startup_stm32f40_41xxx.o(.text)
    EXTI1_IRQHandler                         0x0800514f   Thumb Code     0  startup_stm32f40_41xxx.o(.text)
    EXTI2_IRQHandler                         0x0800514f   Thumb Code     0  startup_stm32f40_41xxx.o(.text)
    EXTI3_IRQHandler                         0x0800514f   Thumb Code     0  startup_stm32f40_41xxx.o(.text)
    EXTI4_IRQHandler                         0x0800514f   Thumb Code     0  startup_stm32f40_41xxx.o(.text)
    EXTI9_5_IRQHandler                       0x0800514f   Thumb Code     0  startup_stm32f40_41xxx.o(.text)
    FLASH_IRQHandler                         0x0800514f   Thumb Code     0  startup_stm32f40_41xxx.o(.text)
    FPU_IRQHandler                           0x0800514f   Thumb Code     0  startup_stm32f40_41xxx.o(.text)
    FSMC_IRQHandler                          0x0800514f   Thumb Code     0  startup_stm32f40_41xxx.o(.text)
    HASH_RNG_IRQHandler                      0x0800514f   Thumb Code     0  startup_stm32f40_41xxx.o(.text)
    I2C1_ER_IRQHandler                       0x0800514f   Thumb Code     0  startup_stm32f40_41xxx.o(.text)
    I2C1_EV_IRQHandler                       0x0800514f   Thumb Code     0  startup_stm32f40_41xxx.o(.text)
    I2C2_ER_IRQHandler                       0x0800514f   Thumb Code     0  startup_stm32f40_41xxx.o(.text)
    I2C2_EV_IRQHandler                       0x0800514f   Thumb Code     0  startup_stm32f40_41xxx.o(.text)
    I2C3_ER_IRQHandler                       0x0800514f   Thumb Code     0  startup_stm32f40_41xxx.o(.text)
    I2C3_EV_IRQHandler                       0x0800514f   Thumb Code     0  startup_stm32f40_41xxx.o(.text)
    OTG_FS_IRQHandler                        0x0800514f   Thumb Code     0  startup_stm32f40_41xxx.o(.text)
    OTG_FS_WKUP_IRQHandler                   0x0800514f   Thumb Code     0  startup_stm32f40_41xxx.o(.text)
    OTG_HS_EP1_IN_IRQHandler                 0x0800514f   Thumb Code     0  startup_stm32f40_41xxx.o(.text)
    OTG_HS_EP1_OUT_IRQHandler                0x0800514f   Thumb Code     0  startup_stm32f40_41xxx.o(.text)
    OTG_HS_IRQHandler                        0x0800514f   Thumb Code     0  startup_stm32f40_41xxx.o(.text)
    OTG_HS_WKUP_IRQHandler                   0x0800514f   Thumb Code     0  startup_stm32f40_41xxx.o(.text)
    PVD_IRQHandler                           0x0800514f   Thumb Code     0  startup_stm32f40_41xxx.o(.text)
    RCC_IRQHandler                           0x0800514f   Thumb Code     0  startup_stm32f40_41xxx.o(.text)
    RTC_Alarm_IRQHandler                     0x0800514f   Thumb Code     0  startup_stm32f40_41xxx.o(.text)
    RTC_WKUP_IRQHandler                      0x0800514f   Thumb Code     0  startup_stm32f40_41xxx.o(.text)
    SDIO_IRQHandler                          0x0800514f   Thumb Code     0  startup_stm32f40_41xxx.o(.text)
    SPI1_IRQHandler                          0x0800514f   Thumb Code     0  startup_stm32f40_41xxx.o(.text)
    SPI2_IRQHandler                          0x0800514f   Thumb Code     0  startup_stm32f40_41xxx.o(.text)
    SPI3_IRQHandler                          0x0800514f   Thumb Code     0  startup_stm32f40_41xxx.o(.text)
    TAMP_STAMP_IRQHandler                    0x0800514f   Thumb Code     0  startup_stm32f40_41xxx.o(.text)
    TIM1_BRK_TIM9_IRQHandler                 0x0800514f   Thumb Code     0  startup_stm32f40_41xxx.o(.text)
    TIM1_CC_IRQHandler                       0x0800514f   Thumb Code     0  startup_stm32f40_41xxx.o(.text)
    TIM1_TRG_COM_TIM11_IRQHandler            0x0800514f   Thumb Code     0  startup_stm32f40_41xxx.o(.text)
    TIM1_UP_TIM10_IRQHandler                 0x0800514f   Thumb Code     0  startup_stm32f40_41xxx.o(.text)
    TIM2_IRQHandler                          0x0800514f   Thumb Code     0  startup_stm32f40_41xxx.o(.text)
    TIM3_IRQHandler                          0x0800514f   Thumb Code     0  startup_stm32f40_41xxx.o(.text)
    TIM4_IRQHandler                          0x0800514f   Thumb Code     0  startup_stm32f40_41xxx.o(.text)
    TIM5_IRQHandler                          0x0800514f   Thumb Code     0  startup_stm32f40_41xxx.o(.text)
    TIM6_DAC_IRQHandler                      0x0800514f   Thumb Code     0  startup_stm32f40_41xxx.o(.text)
    TIM7_IRQHandler                          0x0800514f   Thumb Code     0  startup_stm32f40_41xxx.o(.text)
    TIM8_BRK_TIM12_IRQHandler                0x0800514f   Thumb Code     0  startup_stm32f40_41xxx.o(.text)
    TIM8_CC_IRQHandler                       0x0800514f   Thumb Code     0  startup_stm32f40_41xxx.o(.text)
    TIM8_TRG_COM_TIM14_IRQHandler            0x0800514f   Thumb Code     0  startup_stm32f40_41xxx.o(.text)
    TIM8_UP_TIM13_IRQHandler                 0x0800514f   Thumb Code     0  startup_stm32f40_41xxx.o(.text)
    UART4_IRQHandler                         0x0800514f   Thumb Code     0  startup_stm32f40_41xxx.o(.text)
    UART5_IRQHandler                         0x0800514f   Thumb Code     0  startup_stm32f40_41xxx.o(.text)
    USART3_IRQHandler                        0x0800514f   Thumb Code     0  startup_stm32f40_41xxx.o(.text)
    USART6_IRQHandler                        0x0800514f   Thumb Code     0  startup_stm32f40_41xxx.o(.text)
    WWDG_IRQHandler                          0x0800514f   Thumb Code     0  startup_stm32f40_41xxx.o(.text)
    __user_initial_stackheap                 0x08005151   Thumb Code     0  startup_stm32f40_41xxx.o(.text)
    NVIC_PriorityGroupConfig                 0x08005175   Thumb Code    10  misc.o(.text)
    NVIC_Init                                0x0800517f   Thumb Code   106  misc.o(.text)
    NVIC_SetVectorTable                      0x080051e9   Thumb Code    14  misc.o(.text)
    NVIC_SystemLPConfig                      0x080051f7   Thumb Code    34  misc.o(.text)
    SysTick_CLKSourceConfig                  0x08005219   Thumb Code    40  misc.o(.text)
    ADC_DeInit                               0x08005255   Thumb Code    22  stm32f4xx_adc.o(.text)
    ADC_Init                                 0x0800526b   Thumb Code    74  stm32f4xx_adc.o(.text)
    ADC_StructInit                           0x080052b5   Thumb Code    20  stm32f4xx_adc.o(.text)
    ADC_CommonInit                           0x080052c9   Thumb Code    34  stm32f4xx_adc.o(.text)
    ADC_CommonStructInit                     0x080052eb   Thumb Code    12  stm32f4xx_adc.o(.text)
    ADC_Cmd                                  0x080052f7   Thumb Code    22  stm32f4xx_adc.o(.text)
    ADC_AnalogWatchdogCmd                    0x0800530d   Thumb Code    16  stm32f4xx_adc.o(.text)
    ADC_AnalogWatchdogThresholdsConfig       0x0800531d   Thumb Code     6  stm32f4xx_adc.o(.text)
    ADC_AnalogWatchdogSingleChannelConfig    0x08005323   Thumb Code    16  stm32f4xx_adc.o(.text)
    ADC_TempSensorVrefintCmd                 0x08005333   Thumb Code    34  stm32f4xx_adc.o(.text)
    ADC_VBATCmd                              0x08005355   Thumb Code    34  stm32f4xx_adc.o(.text)
    ADC_RegularChannelConfig                 0x08005377   Thumb Code   184  stm32f4xx_adc.o(.text)
    ADC_SoftwareStartConv                    0x0800542f   Thumb Code    10  stm32f4xx_adc.o(.text)
    ADC_GetSoftwareStartConvStatus           0x08005439   Thumb Code    20  stm32f4xx_adc.o(.text)
    ADC_EOCOnEachRegularChannelCmd           0x0800544d   Thumb Code    22  stm32f4xx_adc.o(.text)
    ADC_ContinuousModeCmd                    0x08005463   Thumb Code    22  stm32f4xx_adc.o(.text)
    ADC_DiscModeChannelCountConfig           0x08005479   Thumb Code    24  stm32f4xx_adc.o(.text)
    ADC_DiscModeCmd                          0x08005491   Thumb Code    22  stm32f4xx_adc.o(.text)
    ADC_GetConversionValue                   0x080054a7   Thumb Code     8  stm32f4xx_adc.o(.text)
    ADC_GetMultiModeConversionValue          0x080054af   Thumb Code     8  stm32f4xx_adc.o(.text)
    ADC_DMACmd                               0x080054b7   Thumb Code    22  stm32f4xx_adc.o(.text)
    ADC_DMARequestAfterLastTransferCmd       0x080054cd   Thumb Code    22  stm32f4xx_adc.o(.text)
    ADC_MultiModeDMARequestAfterLastTransferCmd 0x080054e3   Thumb Code    34  stm32f4xx_adc.o(.text)
    ADC_InjectedChannelConfig                0x08005505   Thumb Code   130  stm32f4xx_adc.o(.text)
    ADC_InjectedSequencerLengthConfig        0x08005587   Thumb Code    24  stm32f4xx_adc.o(.text)
    ADC_SetInjectedOffset                    0x0800559f   Thumb Code    20  stm32f4xx_adc.o(.text)
    ADC_ExternalTrigInjectedConvConfig       0x080055b3   Thumb Code    16  stm32f4xx_adc.o(.text)
    ADC_ExternalTrigInjectedConvEdgeConfig   0x080055c3   Thumb Code    16  stm32f4xx_adc.o(.text)
    ADC_SoftwareStartInjectedConv            0x080055d3   Thumb Code    10  stm32f4xx_adc.o(.text)
    ADC_GetSoftwareStartInjectedConvCmdStatus 0x080055dd   Thumb Code    20  stm32f4xx_adc.o(.text)
    ADC_AutoInjectedConvCmd                  0x080055f1   Thumb Code    22  stm32f4xx_adc.o(.text)
    ADC_InjectedDiscModeCmd                  0x08005607   Thumb Code    22  stm32f4xx_adc.o(.text)
    ADC_GetInjectedConversionValue           0x0800561d   Thumb Code    28  stm32f4xx_adc.o(.text)
    ADC_ITConfig                             0x08005639   Thumb Code    56  stm32f4xx_adc.o(.text)
    ADC_GetFlagStatus                        0x08005671   Thumb Code    18  stm32f4xx_adc.o(.text)
    ADC_ClearFlag                            0x08005683   Thumb Code     6  stm32f4xx_adc.o(.text)
    ADC_GetITStatus                          0x08005689   Thumb Code    38  stm32f4xx_adc.o(.text)
    ADC_ClearITPendingBit                    0x080056af   Thumb Code    10  stm32f4xx_adc.o(.text)
    GPIO_DeInit                              0x080056b9   Thumb Code   268  stm32f4xx_gpio.o(.text)
    GPIO_Init                                0x080057c5   Thumb Code   144  stm32f4xx_gpio.o(.text)
    GPIO_StructInit                          0x08005855   Thumb Code    18  stm32f4xx_gpio.o(.text)
    GPIO_PinLockConfig                       0x08005867   Thumb Code    34  stm32f4xx_gpio.o(.text)
    GPIO_ReadInputDataBit                    0x08005889   Thumb Code    18  stm32f4xx_gpio.o(.text)
    GPIO_ReadInputData                       0x0800589b   Thumb Code     8  stm32f4xx_gpio.o(.text)
    GPIO_ReadOutputDataBit                   0x080058a3   Thumb Code    18  stm32f4xx_gpio.o(.text)
    GPIO_ReadOutputData                      0x080058b5   Thumb Code     8  stm32f4xx_gpio.o(.text)
    GPIO_SetBits                             0x080058bd   Thumb Code     4  stm32f4xx_gpio.o(.text)
    GPIO_ResetBits                           0x080058c1   Thumb Code     4  stm32f4xx_gpio.o(.text)
    GPIO_WriteBit                            0x080058c5   Thumb Code    10  stm32f4xx_gpio.o(.text)
    GPIO_Write                               0x080058cf   Thumb Code     4  stm32f4xx_gpio.o(.text)
    GPIO_ToggleBits                          0x080058d3   Thumb Code     8  stm32f4xx_gpio.o(.text)
    GPIO_PinAFConfig                         0x080058db   Thumb Code    70  stm32f4xx_gpio.o(.text)
    FSMC_NORSRAMDeInit                       0x0800594d   Thumb Code    54  stm32f4xx_fsmc.o(.text)
    FSMC_NORSRAMInit                         0x08005983   Thumb Code   230  stm32f4xx_fsmc.o(.text)
    FSMC_NORSRAMStructInit                   0x08005a69   Thumb Code    48  stm32f4xx_fsmc.o(.text)
    FSMC_NORSRAMCmd                          0x08005a99   Thumb Code    46  stm32f4xx_fsmc.o(.text)
    FSMC_NANDDeInit                          0x08005ac7   Thumb Code    62  stm32f4xx_fsmc.o(.text)
    FSMC_NANDInit                            0x08005b05   Thumb Code   132  stm32f4xx_fsmc.o(.text)
    FSMC_NANDStructInit                      0x08005b89   Thumb Code    54  stm32f4xx_fsmc.o(.text)
    FSMC_NANDCmd                             0x08005bbf   Thumb Code    86  stm32f4xx_fsmc.o(.text)
    FSMC_NANDECCCmd                          0x08005c15   Thumb Code    86  stm32f4xx_fsmc.o(.text)
    FSMC_GetECC                              0x08005c6b   Thumb Code    24  stm32f4xx_fsmc.o(.text)
    FSMC_PCCARDDeInit                        0x08005c83   Thumb Code    36  stm32f4xx_fsmc.o(.text)
    FSMC_PCCARDInit                          0x08005ca7   Thumb Code   130  stm32f4xx_fsmc.o(.text)
    FSMC_PCCARDStructInit                    0x08005d29   Thumb Code    60  stm32f4xx_fsmc.o(.text)
    FSMC_PCCARDCmd                           0x08005d65   Thumb Code    44  stm32f4xx_fsmc.o(.text)
    FSMC_ITConfig                            0x08005d91   Thumb Code   128  stm32f4xx_fsmc.o(.text)
    FSMC_GetFlagStatus                       0x08005e11   Thumb Code    54  stm32f4xx_fsmc.o(.text)
    FSMC_ClearFlag                           0x08005e47   Thumb Code    74  stm32f4xx_fsmc.o(.text)
    FSMC_GetITStatus                         0x08005e91   Thumb Code    62  stm32f4xx_fsmc.o(.text)
    FSMC_ClearITPendingBit                   0x08005ecf   Thumb Code    66  stm32f4xx_fsmc.o(.text)
    RCC_DeInit                               0x08005f15   Thumb Code    82  stm32f4xx_rcc.o(.text)
    RCC_HSEConfig                            0x08005f67   Thumb Code    14  stm32f4xx_rcc.o(.text)
    RCC_GetFlagStatus                        0x08005f75   Thumb Code    60  stm32f4xx_rcc.o(.text)
    RCC_WaitForHSEStartUp                    0x08005fb1   Thumb Code    56  stm32f4xx_rcc.o(.text)
    RCC_AdjustHSICalibrationValue            0x08005fe9   Thumb Code    20  stm32f4xx_rcc.o(.text)
    RCC_HSICmd                               0x08005ffd   Thumb Code     6  stm32f4xx_rcc.o(.text)
    RCC_LSEConfig                            0x08006003   Thumb Code    46  stm32f4xx_rcc.o(.text)
    RCC_LSICmd                               0x08006031   Thumb Code     6  stm32f4xx_rcc.o(.text)
    RCC_PLLConfig                            0x08006037   Thumb Code    32  stm32f4xx_rcc.o(.text)
    RCC_PLLCmd                               0x08006057   Thumb Code     6  stm32f4xx_rcc.o(.text)
    RCC_PLLI2SConfig                         0x0800605d   Thumb Code    14  stm32f4xx_rcc.o(.text)
    RCC_PLLI2SCmd                            0x0800606b   Thumb Code     6  stm32f4xx_rcc.o(.text)
    RCC_PLLSAIConfig                         0x08006071   Thumb Code    20  stm32f4xx_rcc.o(.text)
    RCC_PLLSAICmd                            0x08006085   Thumb Code     6  stm32f4xx_rcc.o(.text)
    RCC_ClockSecuritySystemCmd               0x0800608b   Thumb Code     6  stm32f4xx_rcc.o(.text)
    RCC_MCO1Config                           0x08006091   Thumb Code    28  stm32f4xx_rcc.o(.text)
    RCC_MCO2Config                           0x080060ad   Thumb Code    28  stm32f4xx_rcc.o(.text)
    RCC_SYSCLKConfig                         0x080060c9   Thumb Code    20  stm32f4xx_rcc.o(.text)
    RCC_GetSYSCLKSource                      0x080060dd   Thumb Code    12  stm32f4xx_rcc.o(.text)
    RCC_HCLKConfig                           0x080060e9   Thumb Code    20  stm32f4xx_rcc.o(.text)
    RCC_PCLK1Config                          0x080060fd   Thumb Code    20  stm32f4xx_rcc.o(.text)
    RCC_PCLK2Config                          0x08006111   Thumb Code    22  stm32f4xx_rcc.o(.text)
    RCC_GetClocksFreq                        0x08006127   Thumb Code   222  stm32f4xx_rcc.o(.text)
    RCC_RTCCLKConfig                         0x08006205   Thumb Code    54  stm32f4xx_rcc.o(.text)
    RCC_RTCCLKCmd                            0x0800623b   Thumb Code     8  stm32f4xx_rcc.o(.text)
    RCC_BackupResetCmd                       0x08006243   Thumb Code     8  stm32f4xx_rcc.o(.text)
    RCC_I2SCLKConfig                         0x0800624b   Thumb Code     6  stm32f4xx_rcc.o(.text)
    RCC_SAIPLLI2SClkDivConfig                0x08006251   Thumb Code    26  stm32f4xx_rcc.o(.text)
    RCC_SAIPLLSAIClkDivConfig                0x0800626b   Thumb Code    28  stm32f4xx_rcc.o(.text)
    RCC_SAIBlockACLKConfig                   0x08006287   Thumb Code    20  stm32f4xx_rcc.o(.text)
    RCC_SAIBlockBCLKConfig                   0x0800629b   Thumb Code    20  stm32f4xx_rcc.o(.text)
    RCC_LTDCCLKDivConfig                     0x080062af   Thumb Code    20  stm32f4xx_rcc.o(.text)
    RCC_TIMCLKPresConfig                     0x080062c3   Thumb Code     6  stm32f4xx_rcc.o(.text)
    RCC_AHB1PeriphClockCmd                   0x080062c9   Thumb Code    34  stm32f4xx_rcc.o(.text)
    RCC_AHB2PeriphClockCmd                   0x080062eb   Thumb Code    78  stm32f4xx_rcc.o(.text)
    RCC_AHB3PeriphClockCmd                   0x08006339   Thumb Code    34  stm32f4xx_rcc.o(.text)
    RCC_APB1PeriphClockCmd                   0x0800635b   Thumb Code    34  stm32f4xx_rcc.o(.text)
    RCC_APB2PeriphClockCmd                   0x0800637d   Thumb Code    34  stm32f4xx_rcc.o(.text)
    RCC_AHB1PeriphResetCmd                   0x0800639f   Thumb Code    34  stm32f4xx_rcc.o(.text)
    RCC_AHB2PeriphResetCmd                   0x080063c1   Thumb Code    34  stm32f4xx_rcc.o(.text)
    RCC_AHB3PeriphResetCmd                   0x080063e3   Thumb Code    34  stm32f4xx_rcc.o(.text)
    RCC_APB1PeriphResetCmd                   0x08006405   Thumb Code    34  stm32f4xx_rcc.o(.text)
    RCC_APB2PeriphResetCmd                   0x08006427   Thumb Code    34  stm32f4xx_rcc.o(.text)
    RCC_AHB1PeriphClockLPModeCmd             0x08006449   Thumb Code    34  stm32f4xx_rcc.o(.text)
    RCC_AHB2PeriphClockLPModeCmd             0x0800646b   Thumb Code    34  stm32f4xx_rcc.o(.text)
    RCC_AHB3PeriphClockLPModeCmd             0x0800648d   Thumb Code    34  stm32f4xx_rcc.o(.text)
    RCC_APB1PeriphClockLPModeCmd             0x080064af   Thumb Code    34  stm32f4xx_rcc.o(.text)
    RCC_APB2PeriphClockLPModeCmd             0x080064d1   Thumb Code    34  stm32f4xx_rcc.o(.text)
    RCC_LSEModeConfig                        0x080064f3   Thumb Code    40  stm32f4xx_rcc.o(.text)
    RCC_ITConfig                             0x0800651b   Thumb Code    34  stm32f4xx_rcc.o(.text)
    RCC_ClearFlag                            0x0800653d   Thumb Code    18  stm32f4xx_rcc.o(.text)
    RCC_GetITStatus                          0x0800654f   Thumb Code    22  stm32f4xx_rcc.o(.text)
    RCC_ClearITPendingBit                    0x08006565   Thumb Code     8  stm32f4xx_rcc.o(.text)
    USART_DeInit                             0x08006571   Thumb Code   206  stm32f4xx_usart.o(.text)
    USART_Init                               0x0800663f   Thumb Code   204  stm32f4xx_usart.o(.text)
    USART_StructInit                         0x0800670b   Thumb Code    24  stm32f4xx_usart.o(.text)
    USART_ClockInit                          0x08006723   Thumb Code    32  stm32f4xx_usart.o(.text)
    USART_ClockStructInit                    0x08006743   Thumb Code    12  stm32f4xx_usart.o(.text)
    USART_Cmd                                0x0800674f   Thumb Code    24  stm32f4xx_usart.o(.text)
    USART_SetPrescaler                       0x08006767   Thumb Code    16  stm32f4xx_usart.o(.text)
    USART_OverSampling8Cmd                   0x08006777   Thumb Code    22  stm32f4xx_usart.o(.text)
    USART_OneBitMethodCmd                    0x0800678d   Thumb Code    24  stm32f4xx_usart.o(.text)
    USART_SendData                           0x080067a5   Thumb Code     8  stm32f4xx_usart.o(.text)
    USART_ReceiveData                        0x080067ad   Thumb Code    10  stm32f4xx_usart.o(.text)
    USART_SetAddress                         0x080067b7   Thumb Code    18  stm32f4xx_usart.o(.text)
    USART_ReceiverWakeUpCmd                  0x080067c9   Thumb Code    24  stm32f4xx_usart.o(.text)
    USART_WakeUpConfig                       0x080067e1   Thumb Code    18  stm32f4xx_usart.o(.text)
    USART_LINBreakDetectLengthConfig         0x080067f3   Thumb Code    18  stm32f4xx_usart.o(.text)
    USART_LINCmd                             0x08006805   Thumb Code    24  stm32f4xx_usart.o(.text)
    USART_SendBreak                          0x0800681d   Thumb Code    10  stm32f4xx_usart.o(.text)
    USART_HalfDuplexCmd                      0x08006827   Thumb Code    24  stm32f4xx_usart.o(.text)
    USART_SetGuardTime                       0x0800683f   Thumb Code    16  stm32f4xx_usart.o(.text)
    USART_SmartCardCmd                       0x0800684f   Thumb Code    24  stm32f4xx_usart.o(.text)
    USART_SmartCardNACKCmd                   0x08006867   Thumb Code    24  stm32f4xx_usart.o(.text)
    USART_IrDAConfig                         0x0800687f   Thumb Code    18  stm32f4xx_usart.o(.text)
    USART_IrDACmd                            0x08006891   Thumb Code    24  stm32f4xx_usart.o(.text)
    USART_DMACmd                             0x080068a9   Thumb Code    18  stm32f4xx_usart.o(.text)
    USART_ITConfig                           0x080068bb   Thumb Code    74  stm32f4xx_usart.o(.text)
    USART_GetFlagStatus                      0x08006905   Thumb Code    26  stm32f4xx_usart.o(.text)
    USART_ClearFlag                          0x0800691f   Thumb Code    18  stm32f4xx_usart.o(.text)
    USART_GetITStatus                        0x08006931   Thumb Code   118  stm32f4xx_usart.o(.text)
    USART_ClearITPendingBit                  0x080069a7   Thumb Code    30  stm32f4xx_usart.o(.text)
    DMA_DeInit                               0x080069c5   Thumb Code   324  stm32f4xx_dma.o(.text)
    DMA_Init                                 0x08006b09   Thumb Code    82  stm32f4xx_dma.o(.text)
    DMA_StructInit                           0x08006b5b   Thumb Code    34  stm32f4xx_dma.o(.text)
    DMA_Cmd                                  0x08006b7d   Thumb Code    22  stm32f4xx_dma.o(.text)
    DMA_PeriphIncOffsetSizeConfig            0x08006b93   Thumb Code    22  stm32f4xx_dma.o(.text)
    DMA_FlowControllerConfig                 0x08006ba9   Thumb Code    22  stm32f4xx_dma.o(.text)
    DMA_SetCurrDataCounter                   0x08006bbf   Thumb Code     4  stm32f4xx_dma.o(.text)
    DMA_GetCurrDataCounter                   0x08006bc3   Thumb Code     8  stm32f4xx_dma.o(.text)
    DMA_DoubleBufferModeConfig               0x08006bcb   Thumb Code    24  stm32f4xx_dma.o(.text)
    DMA_DoubleBufferModeCmd                  0x08006be3   Thumb Code    22  stm32f4xx_dma.o(.text)
    DMA_MemoryTargetConfig                   0x08006bf9   Thumb Code    10  stm32f4xx_dma.o(.text)
    DMA_GetCurrentMemoryTarget               0x08006c03   Thumb Code    20  stm32f4xx_dma.o(.text)
    DMA_GetCmdStatus                         0x08006c17   Thumb Code    20  stm32f4xx_dma.o(.text)
    DMA_GetFIFOStatus                        0x08006c2b   Thumb Code    12  stm32f4xx_dma.o(.text)
    DMA_GetFlagStatus                        0x08006c37   Thumb Code    56  stm32f4xx_dma.o(.text)
    DMA_ClearFlag                            0x08006c6f   Thumb Code    40  stm32f4xx_dma.o(.text)
    DMA_ITConfig                             0x08006c97   Thumb Code    58  stm32f4xx_dma.o(.text)
    DMA_GetITStatus                          0x08006cd1   Thumb Code    84  stm32f4xx_dma.o(.text)
    DMA_ClearITPendingBit                    0x08006d25   Thumb Code    40  stm32f4xx_dma.o(.text)
    TIM_DeInit                               0x08006d6d   Thumb Code   346  stm32f4xx_tim.o(.text)
    TIM_TimeBaseInit                         0x08006ec7   Thumb Code   104  stm32f4xx_tim.o(.text)
    TIM_TimeBaseStructInit                   0x08006f2f   Thumb Code    18  stm32f4xx_tim.o(.text)
    TIM_PrescalerConfig                      0x08006f41   Thumb Code     6  stm32f4xx_tim.o(.text)
    TIM_CounterModeConfig                    0x08006f47   Thumb Code    18  stm32f4xx_tim.o(.text)
    TIM_SetCounter                           0x08006f59   Thumb Code     4  stm32f4xx_tim.o(.text)
    TIM_SetAutoreload                        0x08006f5d   Thumb Code     4  stm32f4xx_tim.o(.text)
    TIM_GetCounter                           0x08006f61   Thumb Code     6  stm32f4xx_tim.o(.text)
    TIM_GetPrescaler                         0x08006f67   Thumb Code     6  stm32f4xx_tim.o(.text)
    TIM_UpdateDisableConfig                  0x08006f6d   Thumb Code    24  stm32f4xx_tim.o(.text)
    TIM_UpdateRequestConfig                  0x08006f85   Thumb Code    24  stm32f4xx_tim.o(.text)
    TIM_ARRPreloadConfig                     0x08006f9d   Thumb Code    24  stm32f4xx_tim.o(.text)
    TIM_SelectOnePulseMode                   0x08006fb5   Thumb Code    18  stm32f4xx_tim.o(.text)
    TIM_SetClockDivision                     0x08006fc7   Thumb Code    18  stm32f4xx_tim.o(.text)
    TIM_Cmd                                  0x08006fd9   Thumb Code    24  stm32f4xx_tim.o(.text)
    TIM_OC1Init                              0x08006ff1   Thumb Code   114  stm32f4xx_tim.o(.text)
    TIM_OC2Init                              0x08007063   Thumb Code   154  stm32f4xx_tim.o(.text)
    TIM_OC3Init                              0x080070fd   Thumb Code   204  stm32f4xx_tim.o(.text)
    TIM_OC4Init                              0x080071c9   Thumb Code   112  stm32f4xx_tim.o(.text)
    TIM_OCStructInit                         0x08007239   Thumb Code    20  stm32f4xx_tim.o(.text)
    TIM_SelectOCxM                           0x0800724d   Thumb Code    86  stm32f4xx_tim.o(.text)
    TIM_SetCompare1                          0x080072a3   Thumb Code     4  stm32f4xx_tim.o(.text)
    TIM_SetCompare2                          0x080072a7   Thumb Code     4  stm32f4xx_tim.o(.text)
    TIM_SetCompare3                          0x080072ab   Thumb Code     4  stm32f4xx_tim.o(.text)
    TIM_SetCompare4                          0x080072af   Thumb Code     4  stm32f4xx_tim.o(.text)
    TIM_ForcedOC1Config                      0x080072b3   Thumb Code    18  stm32f4xx_tim.o(.text)
    TIM_ForcedOC2Config                      0x080072c5   Thumb Code    26  stm32f4xx_tim.o(.text)
    TIM_ForcedOC3Config                      0x080072df   Thumb Code    18  stm32f4xx_tim.o(.text)
    TIM_ForcedOC4Config                      0x080072f1   Thumb Code    26  stm32f4xx_tim.o(.text)
    TIM_OC1PreloadConfig                     0x0800730b   Thumb Code    18  stm32f4xx_tim.o(.text)
    TIM_OC2PreloadConfig                     0x0800731d   Thumb Code    26  stm32f4xx_tim.o(.text)
    TIM_OC3PreloadConfig                     0x08007337   Thumb Code    18  stm32f4xx_tim.o(.text)
    TIM_OC4PreloadConfig                     0x08007349   Thumb Code    26  stm32f4xx_tim.o(.text)
    TIM_OC1FastConfig                        0x08007363   Thumb Code    18  stm32f4xx_tim.o(.text)
    TIM_OC2FastConfig                        0x08007375   Thumb Code    26  stm32f4xx_tim.o(.text)
    TIM_OC3FastConfig                        0x0800738f   Thumb Code    18  stm32f4xx_tim.o(.text)
    TIM_OC4FastConfig                        0x080073a1   Thumb Code    26  stm32f4xx_tim.o(.text)
    TIM_ClearOC1Ref                          0x080073bb   Thumb Code    18  stm32f4xx_tim.o(.text)
    TIM_ClearOC2Ref                          0x080073cd   Thumb Code    24  stm32f4xx_tim.o(.text)
    TIM_ClearOC3Ref                          0x080073e5   Thumb Code    18  stm32f4xx_tim.o(.text)
    TIM_ClearOC4Ref                          0x080073f7   Thumb Code    24  stm32f4xx_tim.o(.text)
    TIM_OC1PolarityConfig                    0x0800740f   Thumb Code    18  stm32f4xx_tim.o(.text)
    TIM_OC1NPolarityConfig                   0x08007421   Thumb Code    18  stm32f4xx_tim.o(.text)
    TIM_OC2PolarityConfig                    0x08007433   Thumb Code    26  stm32f4xx_tim.o(.text)
    TIM_OC2NPolarityConfig                   0x0800744d   Thumb Code    26  stm32f4xx_tim.o(.text)
    TIM_OC3PolarityConfig                    0x08007467   Thumb Code    26  stm32f4xx_tim.o(.text)
    TIM_OC3NPolarityConfig                   0x08007481   Thumb Code    26  stm32f4xx_tim.o(.text)
    TIM_OC4PolarityConfig                    0x0800749b   Thumb Code    26  stm32f4xx_tim.o(.text)
    TIM_CCxCmd                               0x080074b5   Thumb Code    30  stm32f4xx_tim.o(.text)
    TIM_CCxNCmd                              0x080074d3   Thumb Code    30  stm32f4xx_tim.o(.text)
    TIM_SetIC4Prescaler                      0x080074f1   Thumb Code    26  stm32f4xx_tim.o(.text)
    TIM_SetIC3Prescaler                      0x0800755b   Thumb Code    18  stm32f4xx_tim.o(.text)
    TIM_SetIC2Prescaler                      0x080075b5   Thumb Code    26  stm32f4xx_tim.o(.text)
    TIM_SetIC1Prescaler                      0x08007629   Thumb Code    18  stm32f4xx_tim.o(.text)
    TIM_ICInit                               0x08007675   Thumb Code   110  stm32f4xx_tim.o(.text)
    TIM_ICStructInit                         0x080076e3   Thumb Code    18  stm32f4xx_tim.o(.text)
    TIM_PWMIConfig                           0x080076f5   Thumb Code   124  stm32f4xx_tim.o(.text)
    TIM_GetCapture1                          0x08007771   Thumb Code     6  stm32f4xx_tim.o(.text)
    TIM_GetCapture2                          0x08007777   Thumb Code     6  stm32f4xx_tim.o(.text)
    TIM_GetCapture3                          0x0800777d   Thumb Code     6  stm32f4xx_tim.o(.text)
    TIM_GetCapture4                          0x08007783   Thumb Code     6  stm32f4xx_tim.o(.text)
    TIM_BDTRConfig                           0x08007789   Thumb Code    32  stm32f4xx_tim.o(.text)
    TIM_BDTRStructInit                       0x080077a9   Thumb Code    18  stm32f4xx_tim.o(.text)
    TIM_CtrlPWMOutputs                       0x080077bb   Thumb Code    30  stm32f4xx_tim.o(.text)
    TIM_SelectCOM                            0x080077d9   Thumb Code    24  stm32f4xx_tim.o(.text)
    TIM_CCPreloadControl                     0x080077f1   Thumb Code    24  stm32f4xx_tim.o(.text)
    TIM_ITConfig                             0x08007809   Thumb Code    18  stm32f4xx_tim.o(.text)
    TIM_GenerateEvent                        0x0800781b   Thumb Code     4  stm32f4xx_tim.o(.text)
    TIM_GetFlagStatus                        0x0800781f   Thumb Code    18  stm32f4xx_tim.o(.text)
    TIM_ClearFlag                            0x08007831   Thumb Code     6  stm32f4xx_tim.o(.text)
    TIM_GetITStatus                          0x08007837   Thumb Code    34  stm32f4xx_tim.o(.text)
    TIM_ClearITPendingBit                    0x08007859   Thumb Code     6  stm32f4xx_tim.o(.text)
    TIM_DMAConfig                            0x0800785f   Thumb Code    10  stm32f4xx_tim.o(.text)
    TIM_DMACmd                               0x08007869   Thumb Code    18  stm32f4xx_tim.o(.text)
    TIM_SelectCCDMA                          0x0800787b   Thumb Code    24  stm32f4xx_tim.o(.text)
    TIM_InternalClockConfig                  0x08007893   Thumb Code    12  stm32f4xx_tim.o(.text)
    TIM_SelectInputTrigger                   0x0800789f   Thumb Code    18  stm32f4xx_tim.o(.text)
    TIM_ITRxExternalClockConfig              0x080078b1   Thumb Code    24  stm32f4xx_tim.o(.text)
    TIM_TIxExternalClockConfig               0x080078c9   Thumb Code    62  stm32f4xx_tim.o(.text)
    TIM_ETRConfig                            0x08007907   Thumb Code    28  stm32f4xx_tim.o(.text)
    TIM_ETRClockMode1Config                  0x08007923   Thumb Code    54  stm32f4xx_tim.o(.text)
    TIM_ETRClockMode2Config                  0x08007959   Thumb Code    32  stm32f4xx_tim.o(.text)
    TIM_SelectOutputTrigger                  0x08007979   Thumb Code    18  stm32f4xx_tim.o(.text)
    TIM_SelectSlaveMode                      0x0800798b   Thumb Code    18  stm32f4xx_tim.o(.text)
    TIM_SelectMasterSlaveMode                0x0800799d   Thumb Code    18  stm32f4xx_tim.o(.text)
    TIM_EncoderInterfaceConfig               0x080079af   Thumb Code    66  stm32f4xx_tim.o(.text)
    TIM_SelectHallSensor                     0x080079f1   Thumb Code    24  stm32f4xx_tim.o(.text)
    TIM_RemapConfig                          0x08007a09   Thumb Code     6  stm32f4xx_tim.o(.text)
    __use_no_semihosting                     0x08007a0f   Thumb Code     2  use_no_semi_2.o(.text)
    __2printf                                0x08007a11   Thumb Code    20  noretval__2printf.o(.text)
    __2sprintf                               0x08007a29   Thumb Code    34  noretval__2sprintf.o(.text)
    _printf_str                              0x08007a51   Thumb Code    82  _printf_str.o(.text)
    _printf_int_dec                          0x08007aa5   Thumb Code   104  _printf_dec.o(.text)
    _printf_int_hex                          0x08007b1d   Thumb Code    84  _printf_hex_int.o(.text)
    _printf_longlong_hex                     0x08007b1d   Thumb Code     0  _printf_hex_int.o(.text)
    __printf                                 0x08007b75   Thumb Code   270  __printf_wp.o(.text)
    strstr                                   0x08007c83   Thumb Code    36  strstr.o(.text)
    __use_two_region_memory                  0x08007ca7   Thumb Code     2  heapauxi.o(.text)
    __rt_heap_escrow$2region                 0x08007ca9   Thumb Code     2  heapauxi.o(.text)
    __rt_heap_expand$2region                 0x08007cab   Thumb Code     2  heapauxi.o(.text)
    __I$use$semihosting                      0x08007cad   Thumb Code     0  use_no_semi.o(.text)
    __use_no_semihosting_swi                 0x08007cad   Thumb Code     2  use_no_semi.o(.text)
    _printf_int_common                       0x08007caf   Thumb Code   178  _printf_intcommon.o(.text)
    __lib_sel_fp_printf                      0x08007d61   Thumb Code     2  _printf_fp_dec.o(.text)
    _printf_fp_dec_real                      0x08007f13   Thumb Code   620  _printf_fp_dec.o(.text)
    _printf_char_common                      0x0800818b   Thumb Code    32  _printf_char_common.o(.text)
    _sputc                                   0x080081b1   Thumb Code    10  _sputc.o(.text)
    _printf_cs_common                        0x080081bb   Thumb Code    20  _printf_char.o(.text)
    _printf_char                             0x080081cf   Thumb Code    16  _printf_char.o(.text)
    _printf_string                           0x080081df   Thumb Code     8  _printf_char.o(.text)
    _printf_char_file                        0x080081e9   Thumb Code    32  _printf_char_file.o(.text)
    __rt_locale                              0x0800820d   Thumb Code     8  rt_locale_intlibspace.o(.text)
    _ll_udiv10                               0x08008215   Thumb Code   138  lludiv10.o(.text)
    _printf_fp_infnan                        0x080082a1   Thumb Code   112  _printf_fp_infnan.o(.text)
    _btod_etento                             0x08008321   Thumb Code   224  bigflt0.o(.text)
    ferror                                   0x08008405   Thumb Code     8  ferror.o(.text)
    __user_libspace                          0x0800840d   Thumb Code     8  libspace.o(.text)
    __user_perproc_libspace                  0x0800840d   Thumb Code     0  libspace.o(.text)
    __user_perthread_libspace                0x0800840d   Thumb Code     0  libspace.o(.text)
    __user_setup_stackheap                   0x08008415   Thumb Code    74  sys_stackheap_outer.o(.text)
    exit                                     0x0800845f   Thumb Code    18  exit.o(.text)
    strcmp                                   0x08008471   Thumb Code   128  strcmpv7m.o(.text)
    _btod_d2e                                0x080084f1   Thumb Code    62  btod.o(CL$$btod_d2e)
    _d2e_denorm_low                          0x0800852f   Thumb Code    70  btod.o(CL$$btod_d2e_denorm_low)
    _d2e_norm_op1                            0x08008575   Thumb Code    96  btod.o(CL$$btod_d2e_norm_op1)
    __btod_div_common                        0x080085d5   Thumb Code   696  btod.o(CL$$btod_div_common)
    _e2e                                     0x0800890d   Thumb Code   220  btod.o(CL$$btod_e2e)
    _btod_ediv                               0x080089e9   Thumb Code    42  btod.o(CL$$btod_ediv)
    _btod_emul                               0x08008a13   Thumb Code    42  btod.o(CL$$btod_emul)
    __btod_mult_common                       0x08008a3d   Thumb Code   580  btod.o(CL$$btod_mult_common)
    __ARM_fpclassify                         0x08008c81   Thumb Code    48  fpclassify.o(i.__ARM_fpclassify)
    _is_digit                                0x08008cb1   Thumb Code    14  __printf_wp.o(i._is_digit)
    _get_lc_numeric                          0x08008cc1   Thumb Code    44  lc_numeric_c.o(locale$$code)
    __aeabi_d2f                              0x08008ced   Thumb Code     0  d2f.o(x$fpl$d2f)
    _d2f                                     0x08008ced   Thumb Code    98  d2f.o(x$fpl$d2f)
    __aeabi_dadd                             0x08008d51   Thumb Code     0  daddsub_clz.o(x$fpl$dadd)
    _dadd                                    0x08008d51   Thumb Code   332  daddsub_clz.o(x$fpl$dadd)
    __fpl_dcmp_Inf                           0x08008ea1   Thumb Code    24  dcmpi.o(x$fpl$dcmpinf)
    __aeabi_ddiv                             0x08008eb9   Thumb Code     0  ddiv.o(x$fpl$ddiv)
    _ddiv                                    0x08008eb9   Thumb Code   552  ddiv.o(x$fpl$ddiv)
    __aeabi_d2uiz                            0x08009169   Thumb Code     0  dfixu.o(x$fpl$dfixu)
    _dfixu                                   0x08009169   Thumb Code    90  dfixu.o(x$fpl$dfixu)
    __aeabi_ui2d                             0x080091c3   Thumb Code     0  dflt_clz.o(x$fpl$dfltu)
    _dfltu                                   0x080091c3   Thumb Code    38  dflt_clz.o(x$fpl$dfltu)
    __aeabi_cdcmple                          0x080091e9   Thumb Code     0  dleqf.o(x$fpl$dleqf)
    _dcmple                                  0x080091e9   Thumb Code   120  dleqf.o(x$fpl$dleqf)
    __fpl_dcmple_InfNaN                      0x0800924b   Thumb Code     0  dleqf.o(x$fpl$dleqf)
    __aeabi_dmul                             0x08009261   Thumb Code     0  dmul.o(x$fpl$dmul)
    _dmul                                    0x08009261   Thumb Code   332  dmul.o(x$fpl$dmul)
    __fpl_dnaninf                            0x080093b5   Thumb Code   156  dnaninf.o(x$fpl$dnaninf)
    __fpl_dretinf                            0x08009451   Thumb Code    12  dretinf.o(x$fpl$dretinf)
    __aeabi_cdrcmple                         0x0800945d   Thumb Code     0  drleqf.o(x$fpl$drleqf)
    _drcmple                                 0x0800945d   Thumb Code   108  drleqf.o(x$fpl$drleqf)
    __aeabi_dsub                             0x080094c9   Thumb Code     0  daddsub_clz.o(x$fpl$dsub)
    _dsub                                    0x080094c9   Thumb Code   464  daddsub_clz.o(x$fpl$dsub)
    __aeabi_f2d                              0x0800969d   Thumb Code     0  f2d.o(x$fpl$f2d)
    _f2d                                     0x0800969d   Thumb Code    86  f2d.o(x$fpl$f2d)
    __fpl_fnaninf                            0x080096f3   Thumb Code   140  fnaninf.o(x$fpl$fnaninf)
    _fp_init                                 0x0800977f   Thumb Code    10  fpinit.o(x$fpl$fpinit)
    __fplib_config_fpu_vfp                   0x08009787   Thumb Code     0  fpinit.o(x$fpl$fpinit)
    __fplib_config_pureend_doubles           0x08009787   Thumb Code     0  fpinit.o(x$fpl$fpinit)
    __fpl_fretinf                            0x08009789   Thumb Code    10  fretinf.o(x$fpl$fretinf)
    _printf_fp_dec                           0x08009793   Thumb Code     4  printf1.o(x$fpl$printf1)
    __I$use$fp                               0x08009796   Number         0  usenofp.o(x$fpl$usenofp)
    asc2_1206                                0x08009796   Data        1140  lcd.o(.constdata)
    asc2_1608                                0x08009c0a   Data        1520  lcd.o(.constdata)
    asc2_2412                                0x0800a1fa   Data        3420  lcd.o(.constdata)
    FSMC_DefaultTimingStruct                 0x0800af58   Data          28  stm32f4xx_fsmc.o(.constdata)
    Region$$Table$$Base                      0x0800b21c   Number         0  anon$$obj.o(Region$$Table)
    Region$$Table$$Limit                     0x0800b23c   Number         0  anon$$obj.o(Region$$Table)
    TDS_K_value                              0x20000000   Data           8  main.o(.data)
    light_Data                               0x20000008   Data        1136  main.o(.data)
    SystemCoreClock                          0x20000478   Data           4  system_stm32f4xx.o(.data)
    AHBPrescTable                            0x2000047c   Data          16  system_stm32f4xx.o(.data)
    DS18B20_temp                             0x2000048c   Data           2  ds18b20.o(.data)
    Rx_p                                     0x2000048e   Data           1  l610.o(.data)
    USART2_BUF                               0x20000492   Data           8  serial.o(.data)
    Pack_Finish                              0x2000049a   Data           1  serial.o(.data)
    POINT_COLOR                              0x2000049e   Data           2  lcd.o(.data)
    BACK_COLOR                               0x200004a0   Data           2  lcd.o(.data)
    __stdout                                 0x200004a8   Data           4  usart.o(.data)
    USART_RX_STA                             0x200004ac   Data           2  usart.o(.data)
    _4G_BUF                                  0x200004c0   Data         300  l610.o(.bss)
    lcddev                                   0x200005ec   Data          14  lcd.o(.bss)
    ADC_ConvertedValue                       0x200005fa   Data        7928  adc.o(.bss)
    __libspace_start                         0x200024f4   Data          96  libspace.o(.bss)
    __temporary_stack_top$libspace           0x20002554   Data           0  libspace.o(.bss)



==============================================================================

Memory Map of the image

  Image Entry point : 0x08000189

  Load Region LR_IROM1 (Base: 0x08000000, Size: 0x0000b718, Max: 0x00100000, ABSOLUTE, COMPRESSED[0x0000b430])

    Execution Region ER_IROM1 (Exec base: 0x08000000, Load base: 0x08000000, Size: 0x0000b258, Max: 0x00100000, ABSOLUTE)

    Exec Addr    Load Addr    Size         Type   Attr      Idx    E Section Name        Object

    0x08000000   0x08000000   0x00000188   Data   RO          613    RESET               startup_stm32f40_41xxx.o
    0x08000188   0x08000188   0x00000008   Code   RO         1403  * !!!main             c_w.l(__main.o)
    0x08000190   0x08000190   0x00000034   Code   RO         1667    !!!scatter          c_w.l(__scatter.o)
    0x080001c4   0x080001c4   0x00000064   Code   RO         1665    !!dclz77c           c_w.l(__dclz77c.o)
    0x08000228   0x08000228   0x0000001c   Code   RO         1669    !!handler_zi        c_w.l(__scatter_zi.o)
    0x08000244   0x08000244   0x00000000   Code   RO         1398    .ARM.Collect$$_printf_percent$$00000000  c_w.l(_printf_percent.o)
    0x08000244   0x08000244   0x00000006   Code   RO         1397    .ARM.Collect$$_printf_percent$$00000003  c_w.l(_printf_f.o)
    0x0800024a   0x0800024a   0x00000006   Code   RO         1396    .ARM.Collect$$_printf_percent$$00000009  c_w.l(_printf_d.o)
    0x08000250   0x08000250   0x00000006   Code   RO         1395    .ARM.Collect$$_printf_percent$$0000000C  c_w.l(_printf_x.o)
    0x08000256   0x08000256   0x00000006   Code   RO         1394    .ARM.Collect$$_printf_percent$$00000014  c_w.l(_printf_s.o)
    0x0800025c   0x0800025c   0x00000004   Code   RO         1452    .ARM.Collect$$_printf_percent$$00000017  c_w.l(_printf_percent_end.o)
    0x08000260   0x08000260   0x00000002   Code   RO         1540    .ARM.Collect$$libinit$$00000000  c_w.l(libinit.o)
    0x08000262   0x08000262   0x00000004   Code   RO         1541    .ARM.Collect$$libinit$$00000001  c_w.l(libinit2.o)
    0x08000266   0x08000266   0x00000000   Code   RO         1544    .ARM.Collect$$libinit$$00000004  c_w.l(libinit2.o)
    0x08000266   0x08000266   0x00000000   Code   RO         1547    .ARM.Collect$$libinit$$0000000A  c_w.l(libinit2.o)
    0x08000266   0x08000266   0x00000000   Code   RO         1549    .ARM.Collect$$libinit$$0000000C  c_w.l(libinit2.o)
    0x08000266   0x08000266   0x00000000   Code   RO         1551    .ARM.Collect$$libinit$$0000000E  c_w.l(libinit2.o)
    0x08000266   0x08000266   0x00000006   Code   RO         1552    .ARM.Collect$$libinit$$0000000F  c_w.l(libinit2.o)
    0x0800026c   0x0800026c   0x00000000   Code   RO         1554    .ARM.Collect$$libinit$$00000011  c_w.l(libinit2.o)
    0x0800026c   0x0800026c   0x00000000   Code   RO         1556    .ARM.Collect$$libinit$$00000013  c_w.l(libinit2.o)
    0x0800026c   0x0800026c   0x00000000   Code   RO         1558    .ARM.Collect$$libinit$$00000015  c_w.l(libinit2.o)
    0x0800026c   0x0800026c   0x0000000a   Code   RO         1559    .ARM.Collect$$libinit$$00000016  c_w.l(libinit2.o)
    0x08000276   0x08000276   0x00000000   Code   RO         1560    .ARM.Collect$$libinit$$00000017  c_w.l(libinit2.o)
    0x08000276   0x08000276   0x00000000   Code   RO         1562    .ARM.Collect$$libinit$$00000019  c_w.l(libinit2.o)
    0x08000276   0x08000276   0x00000000   Code   RO         1564    .ARM.Collect$$libinit$$0000001B  c_w.l(libinit2.o)
    0x08000276   0x08000276   0x00000000   Code   RO         1566    .ARM.Collect$$libinit$$0000001D  c_w.l(libinit2.o)
    0x08000276   0x08000276   0x00000000   Code   RO         1568    .ARM.Collect$$libinit$$0000001F  c_w.l(libinit2.o)
    0x08000276   0x08000276   0x00000000   Code   RO         1570    .ARM.Collect$$libinit$$00000021  c_w.l(libinit2.o)
    0x08000276   0x08000276   0x00000000   Code   RO         1572    .ARM.Collect$$libinit$$00000023  c_w.l(libinit2.o)
    0x08000276   0x08000276   0x00000000   Code   RO         1574    .ARM.Collect$$libinit$$00000025  c_w.l(libinit2.o)
    0x08000276   0x08000276   0x00000000   Code   RO         1578    .ARM.Collect$$libinit$$0000002C  c_w.l(libinit2.o)
    0x08000276   0x08000276   0x00000000   Code   RO         1580    .ARM.Collect$$libinit$$0000002E  c_w.l(libinit2.o)
    0x08000276   0x08000276   0x00000000   Code   RO         1582    .ARM.Collect$$libinit$$00000030  c_w.l(libinit2.o)
    0x08000276   0x08000276   0x00000000   Code   RO         1584    .ARM.Collect$$libinit$$00000032  c_w.l(libinit2.o)
    0x08000276   0x08000276   0x00000002   Code   RO         1585    .ARM.Collect$$libinit$$00000033  c_w.l(libinit2.o)
    0x08000278   0x08000278   0x00000002   Code   RO         1613    .ARM.Collect$$libshutdown$$00000000  c_w.l(libshutdown.o)
    0x0800027a   0x0800027a   0x00000000   Code   RO         1622    .ARM.Collect$$libshutdown$$00000002  c_w.l(libshutdown2.o)
    0x0800027a   0x0800027a   0x00000000   Code   RO         1624    .ARM.Collect$$libshutdown$$00000004  c_w.l(libshutdown2.o)
    0x0800027a   0x0800027a   0x00000000   Code   RO         1626    .ARM.Collect$$libshutdown$$00000006  c_w.l(libshutdown2.o)
    0x0800027a   0x0800027a   0x00000000   Code   RO         1629    .ARM.Collect$$libshutdown$$00000009  c_w.l(libshutdown2.o)
    0x0800027a   0x0800027a   0x00000000   Code   RO         1632    .ARM.Collect$$libshutdown$$0000000C  c_w.l(libshutdown2.o)
    0x0800027a   0x0800027a   0x00000000   Code   RO         1634    .ARM.Collect$$libshutdown$$0000000E  c_w.l(libshutdown2.o)
    0x0800027a   0x0800027a   0x00000000   Code   RO         1637    .ARM.Collect$$libshutdown$$00000011  c_w.l(libshutdown2.o)
    0x0800027a   0x0800027a   0x00000002   Code   RO         1638    .ARM.Collect$$libshutdown$$00000012  c_w.l(libshutdown2.o)
    0x0800027c   0x0800027c   0x00000000   Code   RO         1439    .ARM.Collect$$rtentry$$00000000  c_w.l(__rtentry.o)
    0x0800027c   0x0800027c   0x00000000   Code   RO         1465    .ARM.Collect$$rtentry$$00000002  c_w.l(__rtentry2.o)
    0x0800027c   0x0800027c   0x00000006   Code   RO         1477    .ARM.Collect$$rtentry$$00000004  c_w.l(__rtentry4.o)
    0x08000282   0x08000282   0x00000000   Code   RO         1467    .ARM.Collect$$rtentry$$00000009  c_w.l(__rtentry2.o)
    0x08000282   0x08000282   0x00000004   Code   RO         1468    .ARM.Collect$$rtentry$$0000000A  c_w.l(__rtentry2.o)
    0x08000286   0x08000286   0x00000000   Code   RO         1470    .ARM.Collect$$rtentry$$0000000C  c_w.l(__rtentry2.o)
    0x08000286   0x08000286   0x00000008   Code   RO         1471    .ARM.Collect$$rtentry$$0000000D  c_w.l(__rtentry2.o)
    0x0800028e   0x0800028e   0x00000002   Code   RO         1586    .ARM.Collect$$rtexit$$00000000  c_w.l(rtexit.o)
    0x08000290   0x08000290   0x00000000   Code   RO         1593    .ARM.Collect$$rtexit$$00000002  c_w.l(rtexit2.o)
    0x08000290   0x08000290   0x00000004   Code   RO         1594    .ARM.Collect$$rtexit$$00000003  c_w.l(rtexit2.o)
    0x08000294   0x08000294   0x00000006   Code   RO         1595    .ARM.Collect$$rtexit$$00000004  c_w.l(rtexit2.o)
    0x0800029a   0x0800029a   0x00000002   PAD
    0x0800029c   0x0800029c   0x00000658   Code   RO            3    .text               main.o
    0x080008f4   0x080008f4   0x0000001a   Code   RO          173    .text               stm32f4xx_it.o
    0x0800090e   0x0800090e   0x00000002   PAD
    0x08000910   0x08000910   0x00000210   Code   RO          196    .text               system_stm32f4xx.o
    0x08000b20   0x08000b20   0x00000270   Code   RO          222    .text               ds18b20.o
    0x08000d90   0x08000d90   0x00000354   Code   RO          343    .text               l610.o
    0x080010e4   0x080010e4   0x00000318   Code   RO          381    .text               serial.o
    0x080013fc   0x080013fc   0x0000009c   Code   RO          430    .text               led.o
    0x08001498   0x08001498   0x00003664   Code   RO          450    .text               lcd.o
    0x08004afc   0x08004afc   0x0000026c   Code   RO          492    .text               ccd.o
    0x08004d68   0x08004d68   0x00000218   Code   RO          516    .text               adc.o
    0x08004f80   0x08004f80   0x00000104   Code   RO          542    .text               delay.o
    0x08005084   0x08005084   0x000000b0   Code   RO          582    .text               usart.o
    0x08005134   0x08005134   0x00000040   Code   RO          614    .text               startup_stm32f40_41xxx.o
    0x08005174   0x08005174   0x000000e0   Code   RO          620    .text               misc.o
    0x08005254   0x08005254   0x00000464   Code   RO          640    .text               stm32f4xx_adc.o
    0x080056b8   0x080056b8   0x00000294   Code   RO          660    .text               stm32f4xx_gpio.o
    0x0800594c   0x0800594c   0x000005c8   Code   RO          680    .text               stm32f4xx_fsmc.o
    0x08005f14   0x08005f14   0x0000065c   Code   RO          703    .text               stm32f4xx_rcc.o
    0x08006570   0x08006570   0x00000454   Code   RO          725    .text               stm32f4xx_usart.o
    0x080069c4   0x080069c4   0x000003a8   Code   RO          945    .text               stm32f4xx_dma.o
    0x08006d6c   0x08006d6c   0x00000ca2   Code   RO         1297    .text               stm32f4xx_tim.o
    0x08007a0e   0x08007a0e   0x00000002   Code   RO         1337    .text               c_w.l(use_no_semi_2.o)
    0x08007a10   0x08007a10   0x00000018   Code   RO         1343    .text               c_w.l(noretval__2printf.o)
    0x08007a28   0x08007a28   0x00000028   Code   RO         1345    .text               c_w.l(noretval__2sprintf.o)
    0x08007a50   0x08007a50   0x00000052   Code   RO         1349    .text               c_w.l(_printf_str.o)
    0x08007aa2   0x08007aa2   0x00000002   PAD
    0x08007aa4   0x08007aa4   0x00000078   Code   RO         1351    .text               c_w.l(_printf_dec.o)
    0x08007b1c   0x08007b1c   0x00000058   Code   RO         1356    .text               c_w.l(_printf_hex_int.o)
    0x08007b74   0x08007b74   0x0000010e   Code   RO         1382    .text               c_w.l(__printf_wp.o)
    0x08007c82   0x08007c82   0x00000024   Code   RO         1399    .text               c_w.l(strstr.o)
    0x08007ca6   0x08007ca6   0x00000006   Code   RO         1401    .text               c_w.l(heapauxi.o)
    0x08007cac   0x08007cac   0x00000002   Code   RO         1437    .text               c_w.l(use_no_semi.o)
    0x08007cae   0x08007cae   0x000000b2   Code   RO         1440    .text               c_w.l(_printf_intcommon.o)
    0x08007d60   0x08007d60   0x0000041e   Code   RO         1442    .text               c_w.l(_printf_fp_dec.o)
    0x0800817e   0x0800817e   0x00000002   PAD
    0x08008180   0x08008180   0x00000030   Code   RO         1444    .text               c_w.l(_printf_char_common.o)
    0x080081b0   0x080081b0   0x0000000a   Code   RO         1446    .text               c_w.l(_sputc.o)
    0x080081ba   0x080081ba   0x0000002c   Code   RO         1448    .text               c_w.l(_printf_char.o)
    0x080081e6   0x080081e6   0x00000002   PAD
    0x080081e8   0x080081e8   0x00000024   Code   RO         1450    .text               c_w.l(_printf_char_file.o)
    0x0800820c   0x0800820c   0x00000008   Code   RO         1482    .text               c_w.l(rt_locale_intlibspace.o)
    0x08008214   0x08008214   0x0000008a   Code   RO         1484    .text               c_w.l(lludiv10.o)
    0x0800829e   0x0800829e   0x00000002   PAD
    0x080082a0   0x080082a0   0x00000080   Code   RO         1486    .text               c_w.l(_printf_fp_infnan.o)
    0x08008320   0x08008320   0x000000e4   Code   RO         1490    .text               c_w.l(bigflt0.o)
    0x08008404   0x08008404   0x00000008   Code   RO         1515    .text               c_w.l(ferror.o)
    0x0800840c   0x0800840c   0x00000008   Code   RO         1526    .text               c_w.l(libspace.o)
    0x08008414   0x08008414   0x0000004a   Code   RO         1529    .text               c_w.l(sys_stackheap_outer.o)
    0x0800845e   0x0800845e   0x00000012   Code   RO         1531    .text               c_w.l(exit.o)
    0x08008470   0x08008470   0x00000080   Code   RO         1533    .text               c_w.l(strcmpv7m.o)
    0x080084f0   0x080084f0   0x0000003e   Code   RO         1493    CL$$btod_d2e        c_w.l(btod.o)
    0x0800852e   0x0800852e   0x00000046   Code   RO         1495    CL$$btod_d2e_denorm_low  c_w.l(btod.o)
    0x08008574   0x08008574   0x00000060   Code   RO         1494    CL$$btod_d2e_norm_op1  c_w.l(btod.o)
    0x080085d4   0x080085d4   0x00000338   Code   RO         1503    CL$$btod_div_common  c_w.l(btod.o)
    0x0800890c   0x0800890c   0x000000dc   Code   RO         1500    CL$$btod_e2e        c_w.l(btod.o)
    0x080089e8   0x080089e8   0x0000002a   Code   RO         1497    CL$$btod_ediv       c_w.l(btod.o)
    0x08008a12   0x08008a12   0x0000002a   Code   RO         1496    CL$$btod_emul       c_w.l(btod.o)
    0x08008a3c   0x08008a3c   0x00000244   Code   RO         1502    CL$$btod_mult_common  c_w.l(btod.o)
    0x08008c80   0x08008c80   0x00000030   Code   RO         1524    i.__ARM_fpclassify  m_wm.l(fpclassify.o)
    0x08008cb0   0x08008cb0   0x0000000e   Code   RO         1384    i._is_digit         c_w.l(__printf_wp.o)
    0x08008cbe   0x08008cbe   0x00000002   PAD
    0x08008cc0   0x08008cc0   0x0000002c   Code   RO         1520    locale$$code        c_w.l(lc_numeric_c.o)
    0x08008cec   0x08008cec   0x00000062   Code   RO         1405    x$fpl$d2f           fz_wm.l(d2f.o)
    0x08008d4e   0x08008d4e   0x00000002   PAD
    0x08008d50   0x08008d50   0x00000150   Code   RO         1407    x$fpl$dadd          fz_wm.l(daddsub_clz.o)
    0x08008ea0   0x08008ea0   0x00000018   Code   RO         1453    x$fpl$dcmpinf       fz_wm.l(dcmpi.o)
    0x08008eb8   0x08008eb8   0x000002b0   Code   RO         1414    x$fpl$ddiv          fz_wm.l(ddiv.o)
    0x08009168   0x08009168   0x0000005a   Code   RO         1417    x$fpl$dfixu         fz_wm.l(dfixu.o)
    0x080091c2   0x080091c2   0x00000026   Code   RO         1421    x$fpl$dfltu         fz_wm.l(dflt_clz.o)
    0x080091e8   0x080091e8   0x00000078   Code   RO         1427    x$fpl$dleqf         fz_wm.l(dleqf.o)
    0x08009260   0x08009260   0x00000154   Code   RO         1429    x$fpl$dmul          fz_wm.l(dmul.o)
    0x080093b4   0x080093b4   0x0000009c   Code   RO         1455    x$fpl$dnaninf       fz_wm.l(dnaninf.o)
    0x08009450   0x08009450   0x0000000c   Code   RO         1457    x$fpl$dretinf       fz_wm.l(dretinf.o)
    0x0800945c   0x0800945c   0x0000006c   Code   RO         1431    x$fpl$drleqf        fz_wm.l(drleqf.o)
    0x080094c8   0x080094c8   0x000001d4   Code   RO         1409    x$fpl$dsub          fz_wm.l(daddsub_clz.o)
    0x0800969c   0x0800969c   0x00000056   Code   RO         1433    x$fpl$f2d           fz_wm.l(f2d.o)
    0x080096f2   0x080096f2   0x0000008c   Code   RO         1459    x$fpl$fnaninf       fz_wm.l(fnaninf.o)
    0x0800977e   0x0800977e   0x0000000a   Code   RO         1590    x$fpl$fpinit        fz_wm.l(fpinit.o)
    0x08009788   0x08009788   0x0000000a   Code   RO         1461    x$fpl$fretinf       fz_wm.l(fretinf.o)
    0x08009792   0x08009792   0x00000004   Code   RO         1435    x$fpl$printf1       fz_wm.l(printf1.o)
    0x08009796   0x08009796   0x00000000   Code   RO         1463    x$fpl$usenofp       fz_wm.l(usenofp.o)
    0x08009796   0x08009796   0x000017c0   Data   RO          452    .constdata          lcd.o
    0x0800af56   0x0800af56   0x00000002   PAD
    0x0800af58   0x0800af58   0x0000001c   Data   RO          681    .constdata          stm32f4xx_fsmc.o
    0x0800af74   0x0800af74   0x00000028   Data   RO         1357    .constdata          c_w.l(_printf_hex_int.o)
    0x0800af9c   0x0800af9c   0x00000094   Data   RO         1491    .constdata          c_w.l(bigflt0.o)
    0x0800b030   0x0800b030   0x0000011e   Data   RO            4    .conststring        main.o
    0x0800b14e   0x0800b14e   0x00000002   PAD
    0x0800b150   0x0800b150   0x000000ca   Data   RO          345    .conststring        l610.o
    0x0800b21a   0x0800b21a   0x00000002   PAD
    0x0800b21c   0x0800b21c   0x00000020   Data   RO         1663    Region$$Table       anon$$obj.o
    0x0800b23c   0x0800b23c   0x0000001c   Data   RO         1519    locale$$data        c_w.l(lc_numeric_c.o)


    Execution Region RW_IRAM1 (Exec base: 0x20000000, Load base: 0x0800b258, Size: 0x00003158, Max: 0x00020000, ABSOLUTE, COMPRESSED[0x000001d8])

    Exec Addr    Load Addr    Size         Type   Attr      Idx    E Section Name        Object

    0x20000000   COMPRESSED   0x00000478   Data   RW            5    .data               main.o
    0x20000478   COMPRESSED   0x00000014   Data   RW          197    .data               system_stm32f4xx.o
    0x2000048c   COMPRESSED   0x00000002   Data   RW          223    .data               ds18b20.o
    0x2000048e   COMPRESSED   0x00000004   Data   RW          346    .data               l610.o
    0x20000492   COMPRESSED   0x0000000b   Data   RW          382    .data               serial.o
    0x2000049d   COMPRESSED   0x00000001   PAD
    0x2000049e   COMPRESSED   0x00000004   Data   RW          453    .data               lcd.o
    0x200004a2   COMPRESSED   0x00000004   Data   RW          543    .data               delay.o
    0x200004a6   COMPRESSED   0x00000002   PAD
    0x200004a8   COMPRESSED   0x00000006   Data   RW          584    .data               usart.o
    0x200004ae   COMPRESSED   0x00000010   Data   RW          704    .data               stm32f4xx_rcc.o
    0x200004be   COMPRESSED   0x00000002   PAD
    0x200004c0        -       0x0000012c   Zero   RW          344    .bss                l610.o
    0x200005ec        -       0x0000000e   Zero   RW          451    .bss                lcd.o
    0x200005fa        -       0x00001ef8   Zero   RW          517    .bss                adc.o
    0x200024f2   COMPRESSED   0x00000002   PAD
    0x200024f4        -       0x00000060   Zero   RW         1527    .bss                c_w.l(libspace.o)
    0x20002554   COMPRESSED   0x00000004   PAD
    0x20002558        -       0x00000400   Zero   RW          612    HEAP                startup_stm32f40_41xxx.o
    0x20002958        -       0x00000800   Zero   RW          611    STACK               startup_stm32f40_41xxx.o


==============================================================================

Image component sizes


      Code (inc. data)   RO Data    RW Data    ZI Data      Debug   Object Name

       536         26          0          0       7928       2339   adc.o
       620         20          0          0          0       1860   ccd.o
       260          8          0          4          0       1477   delay.o
       624         34          0          2          0     245657   ds18b20.o
       852        224        202          4        300       2279   l610.o
     13924        140       6080          4         14      19094   lcd.o
       156          4          0          0          0        730   led.o
      1624        244        286       1144          0      75780   main.o
       224         20          0          0          0       1813   misc.o
       792         28          0         11          0       3108   serial.o
        64         26        392          0       3072        832   startup_stm32f40_41xxx.o
      1124         24          0          0          0      10682   stm32f4xx_adc.o
       936         32          0          0          0       6389   stm32f4xx_dma.o
      1480         18         28          0          0       5642   stm32f4xx_fsmc.o
       660         44          0          0          0       4153   stm32f4xx_gpio.o
        26          0          0          0          0       1218   stm32f4xx_it.o
      1628         52          0         16          0      13028   stm32f4xx_rcc.o
      3234         60          0          0          0      23008   stm32f4xx_tim.o
      1108         34          0          0          0       7876   stm32f4xx_usart.o
       528         46          0         20          0       1771   system_stm32f4xx.o
       176          8          0          6          0       2794   usart.o

    ----------------------------------------------------------------------
     30578       1092       7026       1216      11316     431530   Object Totals
         0          0         32          0          0          0   (incl. Generated)
         2          0          6          5          2          0   (incl. Padding)

    ----------------------------------------------------------------------

      Code (inc. data)   RO Data    RW Data    ZI Data      Debug   Library Member Name

       100          0          0          0          0          0   __dclz77c.o
         8          0          0          0          0         68   __main.o
       284          0          0          0          0        156   __printf_wp.o
         0          0          0          0          0          0   __rtentry.o
        12          0          0          0          0          0   __rtentry2.o
         6          0          0          0          0          0   __rtentry4.o
        52          8          0          0          0          0   __scatter.o
        28          0          0          0          0          0   __scatter_zi.o
        44          0          0          0          0        108   _printf_char.o
        48          6          0          0          0         96   _printf_char_common.o
        36          4          0          0          0         80   _printf_char_file.o
         6          0          0          0          0          0   _printf_d.o
       120         16          0          0          0         92   _printf_dec.o
         6          0          0          0          0          0   _printf_f.o
      1054          0          0          0          0        216   _printf_fp_dec.o
       128         16          0          0          0         84   _printf_fp_infnan.o
        88          4         40          0          0         88   _printf_hex_int.o
       178          0          0          0          0         88   _printf_intcommon.o
         0          0          0          0          0          0   _printf_percent.o
         4          0          0          0          0          0   _printf_percent_end.o
         6          0          0          0          0          0   _printf_s.o
        82          0          0          0          0         80   _printf_str.o
         6          0          0          0          0          0   _printf_x.o
        10          0          0          0          0         68   _sputc.o
       228          4        148          0          0         96   bigflt0.o
      1936        128          0          0          0        672   btod.o
        18          0          0          0          0         80   exit.o
         8          0          0          0          0         68   ferror.o
         6          0          0          0          0        152   heapauxi.o
        44         10         28          0          0         76   lc_numeric_c.o
         2          0          0          0          0          0   libinit.o
        22          0          0          0          0          0   libinit2.o
         2          0          0          0          0          0   libshutdown.o
         2          0          0          0          0          0   libshutdown2.o
         8          4          0          0         96         68   libspace.o
       138          0          0          0          0         80   lludiv10.o
        24          4          0          0          0         84   noretval__2printf.o
        40          6          0          0          0         84   noretval__2sprintf.o
         8          4          0          0          0         68   rt_locale_intlibspace.o
         2          0          0          0          0          0   rtexit.o
        10          0          0          0          0          0   rtexit2.o
       128          0          0          0          0         68   strcmpv7m.o
        36          0          0          0          0         80   strstr.o
        74          0          0          0          0         80   sys_stackheap_outer.o
         2          0          0          0          0         68   use_no_semi.o
         2          0          0          0          0         68   use_no_semi_2.o
        98          4          0          0          0        140   d2f.o
       804         16          0          0          0        368   daddsub_clz.o
        24          0          0          0          0        116   dcmpi.o
       688        140          0          0          0        256   ddiv.o
        90          4          0          0          0        140   dfixu.o
        38          0          0          0          0        116   dflt_clz.o
       120          4          0          0          0        140   dleqf.o
       340         12          0          0          0        152   dmul.o
       156          4          0          0          0        140   dnaninf.o
        12          0          0          0          0        116   dretinf.o
       108          0          0          0          0        128   drleqf.o
        86          4          0          0          0        132   f2d.o
       140          4          0          0          0        132   fnaninf.o
        10          0          0          0          0        116   fpinit.o
        10          0          0          0          0        116   fretinf.o
         4          0          0          0          0        116   printf1.o
         0          0          0          0          0          0   usenofp.o
        48          0          0          0          0        124   fpclassify.o

    ----------------------------------------------------------------------
      7836        406        216          0        100       5664   Library Totals
        14          0          0          0          4          0   (incl. Padding)

    ----------------------------------------------------------------------

      Code (inc. data)   RO Data    RW Data    ZI Data      Debug   Library Name

      5046        214        216          0         96       3116   c_w.l
      2728        192          0          0          0       2424   fz_wm.l
        48          0          0          0          0        124   m_wm.l

    ----------------------------------------------------------------------
      7836        406        216          0        100       5664   Library Totals

    ----------------------------------------------------------------------

==============================================================================


      Code (inc. data)   RO Data    RW Data    ZI Data      Debug   

     38414       1498       7242       1216      11416     429478   Grand Totals
     38414       1498       7242        472      11416     429478   ELF Image Totals (compressed)
     38414       1498       7242        472          0          0   ROM Totals

==============================================================================

    Total RO  Size (Code + RO Data)                45656 (  44.59kB)
    Total RW  Size (RW Data + ZI Data)             12632 (  12.34kB)
    Total ROM Size (Code + RO Data + RW Data)      46128 (  45.05kB)

==============================================================================

